Component: Arm Compiler for Embedded 6.19 Tool: armlink [5e73cb00]

==============================================================================

Section Cross References

    startup_stm32g030xx.o(STACK) refers (Special) to heapauxi.o(.text) for __use_two_region_memory
    startup_stm32g030xx.o(HEAP) refers (Special) to heapauxi.o(.text) for __use_two_region_memory
    startup_stm32g030xx.o(RESET) refers (Special) to heapauxi.o(.text) for __use_two_region_memory
    startup_stm32g030xx.o(RESET) refers to startup_stm32g030xx.o(STACK) for __initial_sp
    startup_stm32g030xx.o(RESET) refers to startup_stm32g030xx.o(.text) for Reset_Handler
    startup_stm32g030xx.o(RESET) refers to stm32g0xx_it.o(.text.NMI_Handler) for NMI_Handler
    startup_stm32g030xx.o(RESET) refers to stm32g0xx_it.o(.text.HardFault_Handler) for HardFault_Handler
    startup_stm32g030xx.o(RESET) refers to stm32g0xx_it.o(.text.SVC_Handler) for SVC_Handler
    startup_stm32g030xx.o(RESET) refers to stm32g0xx_it.o(.text.PendSV_Handler) for PendSV_Handler
    startup_stm32g030xx.o(RESET) refers to stm32g0xx_it.o(.text.SysTick_Handler) for SysTick_Handler
    startup_stm32g030xx.o(RESET) refers to usart.o(.text.USART1_IRQHandler) for USART1_IRQHandler
    startup_stm32g030xx.o(.text) refers (Special) to heapauxi.o(.text) for __use_two_region_memory
    startup_stm32g030xx.o(.text) refers to system_stm32g0xx.o(.text.SystemInit) for SystemInit
    startup_stm32g030xx.o(.text) refers to __main.o(!!!main) for __main
    startup_stm32g030xx.o(.text) refers to startup_stm32g030xx.o(HEAP) for Heap_Mem
    startup_stm32g030xx.o(.text) refers to startup_stm32g030xx.o(STACK) for Stack_Mem
    stm32g0xx_hal.o(.text.HAL_Init) refers to stm32g0xx_hal.o(.text.HAL_InitTick) for HAL_InitTick
    stm32g0xx_hal.o(.text.HAL_Init) refers to stm32g0xx_hal_msp.o(.text.HAL_MspInit) for HAL_MspInit
    stm32g0xx_hal.o(.ARM.exidx.text.HAL_Init) refers to stm32g0xx_hal.o(.text.HAL_Init) for [Anonymous Symbol]
    stm32g0xx_hal.o(.text.HAL_InitTick) refers to aeabi_sdiv.o(.text) for __aeabi_uidiv
    stm32g0xx_hal.o(.text.HAL_InitTick) refers to stm32g0xx_hal_cortex.o(.text.HAL_SYSTICK_Config) for HAL_SYSTICK_Config
    stm32g0xx_hal.o(.text.HAL_InitTick) refers to stm32g0xx_hal_cortex.o(.text.HAL_NVIC_SetPriority) for HAL_NVIC_SetPriority
    stm32g0xx_hal.o(.text.HAL_InitTick) refers to stm32g0xx_hal.o(.data.uwTickFreq) for uwTickFreq
    stm32g0xx_hal.o(.text.HAL_InitTick) refers to system_stm32g0xx.o(.data.SystemCoreClock) for SystemCoreClock
    stm32g0xx_hal.o(.text.HAL_InitTick) refers to stm32g0xx_hal.o(.data.uwTickPrio) for uwTickPrio
    stm32g0xx_hal.o(.ARM.exidx.text.HAL_InitTick) refers to stm32g0xx_hal.o(.text.HAL_InitTick) for [Anonymous Symbol]
    stm32g0xx_hal.o(.ARM.exidx.text.HAL_MspInit) refers to stm32g0xx_hal.o(.text.HAL_MspInit) for [Anonymous Symbol]
    stm32g0xx_hal.o(.text.HAL_DeInit) refers to stm32g0xx_hal_msp.o(.text.HAL_MspDeInit) for HAL_MspDeInit
    stm32g0xx_hal.o(.ARM.exidx.text.HAL_DeInit) refers to stm32g0xx_hal.o(.text.HAL_DeInit) for [Anonymous Symbol]
    stm32g0xx_hal.o(.ARM.exidx.text.HAL_MspDeInit) refers to stm32g0xx_hal.o(.text.HAL_MspDeInit) for [Anonymous Symbol]
    stm32g0xx_hal.o(.text.HAL_IncTick) refers to stm32g0xx_hal.o(.data.uwTickFreq) for uwTickFreq
    stm32g0xx_hal.o(.text.HAL_IncTick) refers to stm32g0xx_hal.o(.bss.uwTick) for uwTick
    stm32g0xx_hal.o(.ARM.exidx.text.HAL_IncTick) refers to stm32g0xx_hal.o(.text.HAL_IncTick) for [Anonymous Symbol]
    stm32g0xx_hal.o(.text.HAL_GetTick) refers to stm32g0xx_hal.o(.bss.uwTick) for uwTick
    stm32g0xx_hal.o(.ARM.exidx.text.HAL_GetTick) refers to stm32g0xx_hal.o(.text.HAL_GetTick) for [Anonymous Symbol]
    stm32g0xx_hal.o(.text.HAL_GetTickPrio) refers to stm32g0xx_hal.o(.data.uwTickPrio) for uwTickPrio
    stm32g0xx_hal.o(.ARM.exidx.text.HAL_GetTickPrio) refers to stm32g0xx_hal.o(.text.HAL_GetTickPrio) for [Anonymous Symbol]
    stm32g0xx_hal.o(.text.HAL_SetTickFreq) refers to stm32g0xx_hal.o(.text.HAL_InitTick) for HAL_InitTick
    stm32g0xx_hal.o(.text.HAL_SetTickFreq) refers to stm32g0xx_hal.o(.data.uwTickFreq) for uwTickFreq
    stm32g0xx_hal.o(.text.HAL_SetTickFreq) refers to stm32g0xx_hal.o(.data.uwTickPrio) for uwTickPrio
    stm32g0xx_hal.o(.ARM.exidx.text.HAL_SetTickFreq) refers to stm32g0xx_hal.o(.text.HAL_SetTickFreq) for [Anonymous Symbol]
    stm32g0xx_hal.o(.text.HAL_GetTickFreq) refers to stm32g0xx_hal.o(.data.uwTickFreq) for uwTickFreq
    stm32g0xx_hal.o(.ARM.exidx.text.HAL_GetTickFreq) refers to stm32g0xx_hal.o(.text.HAL_GetTickFreq) for [Anonymous Symbol]
    stm32g0xx_hal.o(.text.HAL_Delay) refers to stm32g0xx_hal.o(.text.HAL_GetTick) for HAL_GetTick
    stm32g0xx_hal.o(.text.HAL_Delay) refers to stm32g0xx_hal.o(.data.uwTickFreq) for uwTickFreq
    stm32g0xx_hal.o(.ARM.exidx.text.HAL_Delay) refers to stm32g0xx_hal.o(.text.HAL_Delay) for [Anonymous Symbol]
[...]
    .text                                    0x08000260   Section       52  startup_stm32g030xx.o(.text)
    .text                                    0x08000294   Section        2  use_no_semi_2.o(.text)
    .text                                    0x08000298   Section        0  printf.o(.text)
    .text                                    0x080002b4   Section        0  rt_memclr.o(.text)
    .text                                    0x080002f4   Section      364  aeabi_sdiv.o(.text)
    .text                                    0x08000460   Section        0  heapauxi.o(.text)
    .text                                    0x08000466   Section        2  use_no_semi.o(.text)
    .text                                    0x08000468   Section        0  _printf_pad.o(.text)
    .text                                    0x080004b6   Section        0  _printf_truncate.o(.text)
    .text                                    0x080004da   Section        0  _printf_str.o(.text)
    .text                                    0x0800052c   Section        0  _printf_dec.o(.text)
    .text                                    0x08000598   Section        0  _printf_charcount.o(.text)
    .text                                    0x080005c0   Section        0  _printf_char_file.o(.text)
    .text                                    0x080005e8   Section        0  _printf_wctomb.o(.text)
    .text                                    0x080006a4   Section        0  _printf_longlong_dec.o(.text)
    _printf_longlong_oct_internal            0x08000715   Thumb Code     0  _printf_oct_int_ll.o(.text)
    .text                                    0x08000714   Section        0  _printf_oct_int_ll.o(.text)
    _printf_hex_common                       0x08000785   Thumb Code     0  _printf_hex_int_ll_ptr.o(.text)
    .text                                    0x08000784   Section        0  _printf_hex_int_ll_ptr.o(.text)
    .text                                    0x0800081c   Section        0  __printf_flags_ss_wp.o(.text)
    .text                                    0x080009a4   Section        0  lludiv10.o(.text)
    .text                                    0x08000a1e   Section        0  _printf_intcommon.o(.text)
    _fp_digits                               0x08000ad1   Thumb Code   412  _printf_fp_dec.o(.text)
    .text                                    0x08000ad0   Section        0  _printf_fp_dec.o(.text)
    .text                                    0x08000ee4   Section        0  _printf_fp_hex.o(.text)
    _printf_input_char                       0x080011bd   Thumb Code    10  _printf_char_common.o(.text)
    .text                                    0x080011bc   Section        0  _printf_char_common.o(.text)
    .text                                    0x080011ec   Section        0  _printf_char.o(.text)
    .text                                    0x0800121a   Section        0  _printf_wchar.o(.text)
    .text                                    0x08001248   Section        0  ferror.o(.text)
    .text                                    0x08001250   Section        0  _c16rtomb.o(.text)
    .text                                    0x08001292   Section        0  rtudiv10.o(.text)
    .text                                    0x080012ba   Section       62  sys_stackheap_outer.o(.text)
    .text                                    0x080012f8   Section       16  rt_ctype_table.o(.text)
    .text                                    0x08001308   Section        8  rt_locale_intlibspace.o(.text)
    .text                                    0x08001310   Section        0  _printf_fp_infnan.o(.text)
    .text                                    0x08001398   Section        0  bigflt0.o(.text)
    .text                                    0x08001470   Section        0  btod.o(.text)
    btod_internal_mul                        0x080014b1   Thumb Code   492  btod.o(.text)
    btod_internal_div                        0x0800169d   Thumb Code   520  btod.o(.text)
    .text                                    0x080019f0   Section        0  exit.o(.text)
    .text                                    0x08001a00   Section        8  libspace.o(.text)
    .text                                    0x08001a08   Section        0  strcmp.o(.text)
    [Anonymous Symbol]                       0x08001a90   Section        0  sys.o(.text.Error_Handler)
    [Anonymous Symbol]                       0x08001a98   Section        0  stm32g0xx_hal_dma.o(.text.HAL_DMA_Abort)
    [Anonymous Symbol]                       0x08001b58   Section        0  stm32g0xx_hal_dma.o(.text.HAL_DMA_Abort_IT)
    __arm_cp.8_0                             0x08001c10   Number         4  stm32g0xx_hal_dma.o(.text.HAL_DMA_Abort_IT)
    [Anonymous Symbol]                       0x08001c14   Section        0  stm32g0xx_hal_gpio.o(.text.HAL_GPIO_Init)
    __arm_cp.0_0                             0x08001ec4   Number         4  stm32g0xx_hal_gpio.o(.text.HAL_GPIO_Init)
    __arm_cp.0_1                             0x08001ec8   Number         4  stm32g0xx_hal_gpio.o(.text.HAL_GPIO_Init)
    __arm_cp.0_2                             0x08001ecc   Number         4  stm32g0xx_hal_gpio.o(.text.HAL_GPIO_Init)
    __arm_cp.0_3                             0x08001ed0   Number         4  stm32g0xx_hal_gpio.o(.text.HAL_GPIO_Init)
    __arm_cp.0_4                             0x08001ed4   Number         4  stm32g0xx_hal_gpio.o(.text.HAL_GPIO_Init)
    __arm_cp.0_5                             0x08001ed8   Number         4  stm32g0xx_hal_gpio.o(.text.HAL_GPIO_Init)
    __arm_cp.0_6                             0x08001edc   Number         4  stm32g0xx_hal_gpio.o(.text.HAL_GPIO_Init)
    __arm_cp.0_7                             0x08001ee0   Number         4  stm32g0xx_hal_gpio.o(.text.HAL_GPIO_Init)
    [Anonymous Symbol]                       0x08001ee4   Section        0  stm32g0xx_hal.o(.text.HAL_GetTick)
    [Anonymous Symbol]                       0x08001eec   Section        0  stm32g0xx_hal.o(.text.HAL_IncTick)
    __arm_cp.5_1                             0x08001efc   Number         4  stm32g0xx_hal.o(.text.HAL_IncTick)
    [Anonymous Symbol]                       0x08001f00   Section        0  stm32g0xx_hal.o(.text.HAL_Init)
    [Anonymous Symbol]                       0x08001f38   Section        0  stm32g0xx_hal.o(.text.HAL_InitTick)
    __arm_cp.1_0                             0x08001fb0   Number         4  stm32g0xx_hal.o(.text.HAL_InitTick)
    [Anonymous Symbol]                       0x08001fb4   Section        0  stm32g0xx_hal_msp.o(.text.HAL_MspInit)
    [Anonymous Symbol]                       0x08001fb6   Section        0  stm32g0xx_hal_cortex.o(.text.HAL_NVIC_EnableIRQ)
    [Anonymous Symbol]                       0x08001fcc   Section        0  stm32g0xx_hal_cortex.o(.text.HAL_NVIC_SetPriority)
    [Anonymous Symbol]                       0x08001fe8   Section        0  stm32g0xx_hal_pwr_ex.o(.text.HAL_PWREx_ControlVoltageScaling)
    __arm_cp.13_0                            0x08002058   Number         4  stm32g0xx_hal_pwr_ex.o(.text.HAL_PWREx_ControlVoltageScaling)
    __arm_cp.13_2                            0x0800205c   Number         4  stm32g0xx_hal_pwr_ex.o(.text.HAL_PWREx_ControlVoltageScaling)
    __arm_cp.13_3                            0x08002060   Number         4  stm32g0xx_hal_pwr_ex.o(.text.HAL_PWREx_ControlVoltageScaling)
    [Anonymous Symbol]                       0x08002064   Section        0  stm32g0xx_hal_rcc.o(.text.HAL_RCC_ClockConfig)
    __arm_cp.2_0                             0x080022a0   Number         4  stm32g0xx_hal_rcc.o(.text.HAL_RCC_ClockConfig)
    __arm_cp.2_2                             0x080022a4   Number         4  stm32g0xx_hal_rcc.o(.text.HAL_RCC_ClockConfig)
    __arm_cp.2_3                             0x080022a8   Number         4  stm32g0xx_hal_rcc.o(.text.HAL_RCC_ClockConfig)
    __arm_cp.2_5                             0x080022ac   Number         4  stm32g0xx_hal_rcc.o(.text.HAL_RCC_ClockConfig)
    __arm_cp.2_7                             0x080022b0   Number         4  stm32g0xx_hal_rcc.o(.text.HAL_RCC_ClockConfig)
    __arm_cp.2_8                             0x080022b4   Number         4  stm32g0xx_hal_rcc.o(.text.HAL_RCC_ClockConfig)
    [Anonymous Symbol]                       0x080022b8   Section        0  stm32g0xx_hal_rcc.o(.text.HAL_RCC_GetHCLKFreq)
    __arm_cp.5_0                             0x080022c0   Number         4  stm32g0xx_hal_rcc.o(.text.HAL_RCC_GetHCLKFreq)
    [Anonymous Symbol]                       0x080022c4   Section        0  stm32g0xx_hal_rcc.o(.text.HAL_RCC_GetPCLK1Freq)
    __arm_cp.6_0                             0x080022e8   Number         4  stm32g0xx_hal_rcc.o(.text.HAL_RCC_GetPCLK1Freq)
    [Anonymous Symbol]                       0x080022ec   Section        0  stm32g0xx_hal_rcc.o(.text.HAL_RCC_GetSysClockFreq)
    __arm_cp.3_0                             0x080023f8   Number         4  stm32g0xx_hal_rcc.o(.text.HAL_RCC_GetSysClockFreq)
    __arm_cp.3_1                             0x080023fc   Number         4  stm32g0xx_hal_rcc.o(.text.HAL_RCC_GetSysClockFreq)
    __arm_cp.3_2                             0x08002400   Number         4  stm32g0xx_hal_rcc.o(.text.HAL_RCC_GetSysClockFreq)
    __arm_cp.3_3                             0x08002404   Number         4  stm32g0xx_hal_rcc.o(.text.HAL_RCC_GetSysClockFreq)
    __arm_cp.3_4                             0x08002408   Number         4  stm32g0xx_hal_rcc.o(.text.HAL_RCC_GetSysClockFreq)
    [Anonymous Symbol]                       0x0800240c   Section        0  stm32g0xx_hal_rcc.o(.text.HAL_RCC_OscConfig)
    __arm_cp.1_17                            0x08002840   Number         4  stm32g0xx_hal_rcc.o(.text.HAL_RCC_OscConfig)
    __arm_cp.1_18                            0x08002844   Number         4  stm32g0xx_hal_rcc.o(.text.HAL_RCC_OscConfig)
    __arm_cp.1_19                            0x08002848   Number         4  stm32g0xx_hal_rcc.o(.text.HAL_RCC_OscConfig)
    __arm_cp.1_20                            0x0800284c   Number         4  stm32g0xx_hal_rcc.o(.text.HAL_RCC_OscConfig)
    __arm_cp.1_0                             0x08002a88   Number         4  stm32g0xx_hal_rcc.o(.text.HAL_RCC_OscConfig)
    __arm_cp.1_1                             0x08002a8c   Number         4  stm32g0xx_hal_rcc.o(.text.HAL_RCC_OscConfig)
    __arm_cp.1_2                             0x08002a90   Number         4  stm32g0xx_hal_rcc.o(.text.HAL_RCC_OscConfig)
    __arm_cp.1_7                             0x08002a94   Number         4  stm32g0xx_hal_rcc.o(.text.HAL_RCC_OscConfig)
    __arm_cp.1_8                             0x08002a98   Number         4  stm32g0xx_hal_rcc.o(.text.HAL_RCC_OscConfig)
    __arm_cp.1_9                             0x08002a9c   Number         4  stm32g0xx_hal_rcc.o(.text.HAL_RCC_OscConfig)
    __arm_cp.1_10                            0x08002aa0   Number         4  stm32g0xx_hal_rcc.o(.text.HAL_RCC_OscConfig)
    __arm_cp.1_11                            0x08002aa4   Number         4  stm32g0xx_hal_rcc.o(.text.HAL_RCC_OscConfig)
    __arm_cp.1_12                            0x08002aa8   Number         4  stm32g0xx_hal_rcc.o(.text.HAL_RCC_OscConfig)
    __arm_cp.1_13                            0x08002aac   Number         4  stm32g0xx_hal_rcc.o(.text.HAL_RCC_OscConfig)
    [Anonymous Symbol]                       0x08002ab0   Section        0  stm32g0xx_hal_cortex.o(.text.HAL_SYSTICK_CLKSourceConfig)
    __arm_cp.18_0                            0x08002ad8   Number         4  stm32g0xx_hal_cortex.o(.text.HAL_SYSTICK_CLKSourceConfig)
    [Anonymous Symbol]                       0x08002adc   Section        0  stm32g0xx_hal_cortex.o(.text.HAL_SYSTICK_Config)
    [Anonymous Symbol]                       0x08002aec   Section        0  stm32g0xx_hal_uart.o(.text.HAL_UARTEx_RxEventCallback)
    [Anonymous Symbol]                       0x08002af8   Section        0  stm32g0xx_hal_uart_ex.o(.text.HAL_UARTEx_RxFifoFullCallback)
    [Anonymous Symbol]                       0x08002b00   Section        0  stm32g0xx_hal_uart_ex.o(.text.HAL_UARTEx_TxFifoEmptyCallback)
    [Anonymous Symbol]                       0x08002b08   Section        0  stm32g0xx_hal_uart_ex.o(.text.HAL_UARTEx_WakeupCallback)
    [Anonymous Symbol]                       0x08002b10   Section        0  stm32g0xx_hal_uart.o(.text.HAL_UART_ErrorCallback)
    [Anonymous Symbol]                       0x08002b18   Section        0  stm32g0xx_hal_uart.o(.text.HAL_UART_GetState)
    [Anonymous Symbol]                       0x08002b38   Section        0  stm32g0xx_hal_uart.o(.text.HAL_UART_IRQHandler)
    __arm_cp.44_5                            0x08002f24   Number         4  stm32g0xx_hal_uart.o(.text.HAL_UART_IRQHandler)
    __arm_cp.44_6                            0x08002f28   Number         4  stm32g0xx_hal_uart.o(.text.HAL_UART_IRQHandler)
    __arm_cp.44_7                            0x08002f2c   Number         4  stm32g0xx_hal_uart.o(.text.HAL_UART_IRQHandler)
    __arm_cp.44_3                            0x080030a4   Number         4  stm32g0xx_hal_uart.o(.text.HAL_UART_IRQHandler)
    __arm_cp.44_4                            0x080030a8   Number         4  stm32g0xx_hal_uart.o(.text.HAL_UART_IRQHandler)
    [Anonymous Symbol]                       0x080030ac   Section        0  stm32g0xx_hal_uart.o(.text.HAL_UART_Init)
    [Anonymous Symbol]                       0x08003160   Section        0  usart.o(.text.HAL_UART_MspInit)
    __arm_cp.5_2                             0x080031e4   Number         4  usart.o(.text.HAL_UART_MspInit)
    [Anonymous Symbol]                       0x080031e8   Section        0  stm32g0xx_hal_uart.o(.text.HAL_UART_Receive_IT)
    [Anonymous Symbol]                       0x080032d0   Section        0  usart.o(.text.HAL_UART_RxCpltCallback)
    __arm_cp.6_0                             0x08003364   Number         4  usart.o(.text.HAL_UART_RxCpltCallback)
    __arm_cp.6_1                             0x08003368   Number         4  usart.o(.text.HAL_UART_RxCpltCallback)
    __arm_cp.6_2                             0x0800336c   Number         4  usart.o(.text.HAL_UART_RxCpltCallback)
    __arm_cp.6_3                             0x08003370   Number         4  usart.o(.text.HAL_UART_RxCpltCallback)
    __arm_cp.6_4                             0x08003374   Number         4  usart.o(.text.HAL_UART_RxCpltCallback)
    [Anonymous Symbol]                       0x08003378   Section        0  stm32g0xx_hal_uart.o(.text.HAL_UART_TxCpltCallback)
    [Anonymous Symbol]                       0x08003380   Section        0  stm32g0xx_it.o(.text.HardFault_Handler)
    LED_GPIO_Config                          0x08003385   Thumb Code    64  led.o(.text.LED_GPIO_Config)
    [Anonymous Symbol]                       0x08003384   Section        0  led.o(.text.LED_GPIO_Config)
    __arm_cp.1_0                             0x080033c4   Number         4  led.o(.text.LED_GPIO_Config)
    __arm_cp.1_1                             0x080033c8   Number         4  led.o(.text.LED_GPIO_Config)
    [Anonymous Symbol]                       0x080033cc   Section        0  led.o(.text.LED_Init)
    __arm_cp.0_0                             0x080033e0   Number         4  led.o(.text.LED_Init)
    LL_RCC_GetAPB1Prescaler                  0x080033e5   Thumb Code    12  stm32g0xx_hal_rcc.o(.text.LL_RCC_GetAPB1Prescaler)
    [Anonymous Symbol]                       0x080033e4   Section        0  stm32g0xx_hal_rcc.o(.text.LL_RCC_GetAPB1Prescaler)
    __arm_cp.7_0                             0x080033f0   Number         4  stm32g0xx_hal_rcc.o(.text.LL_RCC_GetAPB1Prescaler)
    [Anonymous Symbol]                       0x080033f4   Section        0  stm32g0xx_it.o(.text.NMI_Handler)
    [Anonymous Symbol]                       0x080033f8   Section        0  stm32g0xx_it.o(.text.PendSV_Handler)
    [Anonymous Symbol]                       0x080033fa   Section        0  stm32g0xx_it.o(.text.SVC_Handler)
    SysTick_Config                           0x080033fd   Thumb Code    68  stm32g0xx_hal_cortex.o(.text.SysTick_Config)
    [Anonymous Symbol]                       0x080033fc   Section        0  stm32g0xx_hal_cortex.o(.text.SysTick_Config)
    __arm_cp.9_0                             0x08003440   Number         4  stm32g0xx_hal_cortex.o(.text.SysTick_Config)
    __arm_cp.9_1                             0x08003444   Number         4  stm32g0xx_hal_cortex.o(.text.SysTick_Config)
    __arm_cp.9_2                             0x08003448   Number         4  stm32g0xx_hal_cortex.o(.text.SysTick_Config)
    [Anonymous Symbol]                       0x0800344c   Section        0  stm32g0xx_it.o(.text.SysTick_Handler)
    [Anonymous Symbol]                       0x08003454   Section        0  system_stm32g0xx.o(.text.SystemInit)
    [Anonymous Symbol]                       0x08003456   Section        0  stm32g0xx_hal_uart.o(.text.UART_AdvFeatureConfig)
    [Anonymous Symbol]                       0x080035b0   Section        0  stm32g0xx_hal_uart.o(.text.UART_CheckIdleState)
    __arm_cp.4_0                             0x08003654   Number         4  stm32g0xx_hal_uart.o(.text.UART_CheckIdleState)
    UART_DMAAbortOnError                     0x08003659   Thumb Code    36  stm32g0xx_hal_uart.o(.text.UART_DMAAbortOnError)
    [Anonymous Symbol]                       0x08003658   Section        0  stm32g0xx_hal_uart.o(.text.UART_DMAAbortOnError)
    UART_EndRxTransfer                       0x0800367d   Thumb Code   180  stm32g0xx_hal_uart.o(.text.UART_EndRxTransfer)
    [Anonymous Symbol]                       0x0800367c   Section        0  stm32g0xx_hal_uart.o(.text.UART_EndRxTransfer)
    __arm_cp.30_0                            0x08003730   Number         4  stm32g0xx_hal_uart.o(.text.UART_EndRxTransfer)
    UART_EndTransmit_IT                      0x08003735   Thumb Code    76  stm32g0xx_hal_uart.o(.text.UART_EndTransmit_IT)
    [Anonymous Symbol]                       0x08003734   Section        0  stm32g0xx_hal_uart.o(.text.UART_EndTransmit_IT)
    UART_RxISR_16BIT                         0x08003781   Thumb Code   320  stm32g0xx_hal_uart.o(.text.UART_RxISR_16BIT)
    [Anonymous Symbol]                       0x08003780   Section        0  stm32g0xx_hal_uart.o(.text.UART_RxISR_16BIT)
    UART_RxISR_16BIT_FIFOEN                  0x080038c1   Thumb Code   720  stm32g0xx_hal_uart.o(.text.UART_RxISR_16BIT_FIFOEN)
    [Anonymous Symbol]                       0x080038c0   Section        0  stm32g0xx_hal_uart.o(.text.UART_RxISR_16BIT_FIFOEN)
    __arm_cp.64_0                            0x08003b90   Number         4  stm32g0xx_hal_uart.o(.text.UART_RxISR_16BIT_FIFOEN)
    __arm_cp.64_1                            0x08003b94   Number         4  stm32g0xx_hal_uart.o(.text.UART_RxISR_16BIT_FIFOEN)
    UART_RxISR_8BIT                          0x08003b99   Thumb Code   316  stm32g0xx_hal_uart.o(.text.UART_RxISR_8BIT)
    [Anonymous Symbol]                       0x08003b98   Section        0  stm32g0xx_hal_uart.o(.text.UART_RxISR_8BIT)
    UART_RxISR_8BIT_FIFOEN                   0x08003cd5   Thumb Code   716  stm32g0xx_hal_uart.o(.text.UART_RxISR_8BIT_FIFOEN)
    [Anonymous Symbol]                       0x08003cd4   Section        0  stm32g0xx_hal_uart.o(.text.UART_RxISR_8BIT_FIFOEN)
    __arm_cp.65_0                            0x08003fa0   Number         4  stm32g0xx_hal_uart.o(.text.UART_RxISR_8BIT_FIFOEN)
    __arm_cp.65_1                            0x08003fa4   Number         4  stm32g0xx_hal_uart.o(.text.UART_RxISR_8BIT_FIFOEN)
    [Anonymous Symbol]                       0x08003fa8   Section        0  stm32g0xx_hal_uart.o(.text.UART_SetConfig)
    __arm_cp.2_0                             0x0800425c   Number         4  stm32g0xx_hal_uart.o(.text.UART_SetConfig)
    __arm_cp.2_1                             0x08004260   Number         4  stm32g0xx_hal_uart.o(.text.UART_SetConfig)
    __arm_cp.2_2                             0x08004264   Number         4  stm32g0xx_hal_uart.o(.text.UART_SetConfig)
    __arm_cp.2_3                             0x08004268   Number         4  stm32g0xx_hal_uart.o(.text.UART_SetConfig)
    __arm_cp.2_4                             0x0800426c   Number         4  stm32g0xx_hal_uart.o(.text.UART_SetConfig)
    __arm_cp.2_5                             0x08004270   Number         4  stm32g0xx_hal_uart.o(.text.UART_SetConfig)
    __arm_cp.2_6                             0x08004274   Number         4  stm32g0xx_hal_uart.o(.text.UART_SetConfig)
    [Anonymous Symbol]                       0x08004278   Section        0  stm32g0xx_hal_uart.o(.text.UART_Start_Receive_IT)
    __arm_cp.19_0                            0x08004490   Number         4  stm32g0xx_hal_uart.o(.text.UART_Start_Receive_IT)
    __arm_cp.19_1                            0x08004494   Number         4  stm32g0xx_hal_uart.o(.text.UART_Start_Receive_IT)
    __arm_cp.19_2                            0x08004498   Number         4  stm32g0xx_hal_uart.o(.text.UART_Start_Receive_IT)
    __arm_cp.19_3                            0x0800449c   Number         4  stm32g0xx_hal_uart.o(.text.UART_Start_Receive_IT)
    __arm_cp.19_4                            0x080044a0   Number         4  stm32g0xx_hal_uart.o(.text.UART_Start_Receive_IT)
    [Anonymous Symbol]                       0x080044a4   Section        0  stm32g0xx_hal_uart.o(.text.UART_WaitOnFlagUntilTimeout)
    [Anonymous Symbol]                       0x08004638   Section        0  usart.o(.text.USART1_IRQHandler)
    __NVIC_EnableIRQ                         0x080046a1   Thumb Code    40  stm32g0xx_hal_cortex.o(.text.__NVIC_EnableIRQ)
    [Anonymous Symbol]                       0x080046a0   Section        0  stm32g0xx_hal_cortex.o(.text.__NVIC_EnableIRQ)
    __arm_cp.3_0                             0x080046c8   Number         4  stm32g0xx_hal_cortex.o(.text.__NVIC_EnableIRQ)
    __NVIC_SetPriority                       0x080046cd   Thumb Code   124  stm32g0xx_hal_cortex.o(.text.__NVIC_SetPriority)
    [Anonymous Symbol]                       0x080046cc   Section        0  stm32g0xx_hal_cortex.o(.text.__NVIC_SetPriority)
    __arm_cp.1_0                             0x08004748   Number         4  stm32g0xx_hal_cortex.o(.text.__NVIC_SetPriority)
    __arm_cp.1_1                             0x0800474c   Number         4  stm32g0xx_hal_cortex.o(.text.__NVIC_SetPriority)
    [Anonymous Symbol]                       0x08004750   Section        0  usart.o(.text._sys_exit)
    [Anonymous Symbol]                       0x08004758   Section        0  delay.o(.text.delay_Init)
    [Anonymous Symbol]                       0x08004778   Section        0  delay.o(.text.delay_ms)
    __arm_cp.1_0                             0x080047c4   Number         4  delay.o(.text.delay_ms)
    __arm_cp.1_1                             0x080047c8   Number         4  delay.o(.text.delay_ms)
    __arm_cp.1_2                             0x080047cc   Number         4  delay.o(.text.delay_ms)
    __arm_cp.1_3                             0x080047d0   Number         4  delay.o(.text.delay_ms)
    [Anonymous Symbol]                       0x080047d4   Section        0  delay.o(.text.delay_us)
    __arm_cp.0_0                             0x0800485c   Number         4  delay.o(.text.delay_us)
    __arm_cp.0_1                             0x08004860   Number         4  delay.o(.text.delay_us)
    __arm_cp.0_2                             0x08004864   Number         4  delay.o(.text.delay_us)
    [Anonymous Symbol]                       0x08004868   Section        0  usart.o(.text.fputc)
    __arm_cp.3_0                             0x0800488c   Number         4  usart.o(.text.fputc)
    __arm_cp.3_1                             0x08004890   Number         4  usart.o(.text.fputc)
    [Anonymous Symbol]                       0x08004894   Section        0  main.o(.text.main)
    __arm_cp.0_0                             0x08004904   Number         4  main.o(.text.main)
    __arm_cp.0_1                             0x08004908   Number         4  main.o(.text.main)
    __arm_cp.0_2                             0x0800490c   Number         4  main.o(.text.main)
    __arm_cp.0_3                             0x08004910   Number         4  main.o(.text.main)
    [Anonymous Symbol]                       0x08004914   Section        0  sys.o(.text.sys_stm32_clock_init)
    [Anonymous Symbol]                       0x08004980   Section        0  usart.o(.text.uart_init)
    __arm_cp.4_0                             0x080049b4   Number         4  usart.o(.text.uart_init)
    __arm_cp.4_1                             0x080049b8   Number         4  usart.o(.text.uart_init)
    __arm_cp.4_2                             0x080049bc   Number         4  usart.o(.text.uart_init)
    i.__ARM_common_ll_muluu                  0x080049c0   Section        0  btod.o(i.__ARM_common_ll_muluu)
    i.__ARM_fpclassify                       0x080049f0   Section        0  fpclassify.o(i.__ARM_fpclassify)
    i._is_digit                              0x08004a1c   Section        0  __printf_wp.o(i._is_digit)
    locale$$code                             0x08004a2c   Section       44  lc_numeric_c.o(locale$$code)
    locale$$code                             0x08004a58   Section       44  lc_ctype_c.o(locale$$code)
    x$fpl$printf1                            0x08004a84   Section       16  printf1.o(x$fpl$printf1)
    x$fpl$printf2                            0x08004a94   Section       16  printf2.o(x$fpl$printf2)
    initial_mbstate                          0x08004aa4   Data           8  _printf_wctomb.o(.constdata)
    .constdata                               0x08004aa4   Section        8  _printf_wctomb.o(.constdata)
    x$fpl$usenofp                            0x08004aa4   Section        0  usenofp.o(x$fpl$usenofp)
    uc_hextab                                0x08004aac   Data          20  _printf_hex_int_ll_ptr.o(.constdata)
    .constdata                               0x08004aac   Section       40  _printf_hex_int_ll_ptr.o(.constdata)
    lc_hextab                                0x08004ac0   Data          20  _printf_hex_int_ll_ptr.o(.constdata)
    maptable                                 0x08004ad4   Data          17  __printf_flags_ss_wp.o(.constdata)
    .constdata                               0x08004ad4   Section       17  __printf_flags_ss_wp.o(.constdata)
    lc_hextab                                0x08004ae5   Data          19  _printf_fp_hex.o(.constdata)
    .constdata                               0x08004ae5   Section       38  _printf_fp_hex.o(.constdata)
    uc_hextab                                0x08004af8   Data          19  _printf_fp_hex.o(.constdata)
    tenpwrs_x                                0x08004b0c   Data          60  bigflt0.o(.constdata)
    .constdata                               0x08004b0c   Section      148  bigflt0.o(.constdata)
    tenpwrs_i                                0x08004b48   Data          64  bigflt0.o(.constdata)
    [Anonymous Symbol]                       0x08004c18   Section        0  main.o(.rodata.str1.1)
    locale$$data                             0x08004c64   Section       28  lc_numeric_c.o(locale$$data)
    __lcnum_c_name                           0x08004c68   Data           2  lc_numeric_c.o(locale$$data)
    __lcnum_c_start                          0x08004c70   Data           0  lc_numeric_c.o(locale$$data)
    __lcnum_c_point                          0x08004c7c   Data           0  lc_numeric_c.o(locale$$data)
    __lcnum_c_thousands                      0x08004c7e   Data           0  lc_numeric_c.o(locale$$data)
    __lcnum_c_grouping                       0x08004c7f   Data           0  lc_numeric_c.o(locale$$data)
    __lcnum_c_end                            0x08004c80   Data           0  lc_numeric_c.o(locale$$data)
    locale$$data                             0x08004c80   Section      272  lc_ctype_c.o(locale$$data)
    __lcctype_c_name                         0x08004c84   Data           2  lc_ctype_c.o(locale$$data)
    __lcctype_c_start                        0x08004c8c   Data           0  lc_ctype_c.o(locale$$data)
    __lcctype_c_end                          0x08004d90   Data           0  lc_ctype_c.o(locale$$data)
    .bss                                     0x20000010   Section       96  libspace.o(.bss)
    fac_us                                   0x20000224   Data           4  delay.o(.bss.fac_us)
    [Anonymous Symbol]                       0x20000224   Section        0  delay.o(.bss.fac_us)
    Heap_Mem                                 0x20000230   Data           0  startup_stm32g030xx.o(HEAP)
    Stack_Mem                                0x20000230   Data        1024  startup_stm32g030xx.o(STACK)
    HEAP                                     0x20000230   Section        0  startup_stm32g030xx.o(HEAP)
    STACK                                    0x20000230   Section     1024  startup_stm32g030xx.o(STACK)
    __initial_sp                             0x20000630   Data           0  startup_stm32g030xx.o(STACK)

    Global Symbols

    Symbol Name                              Value     Ov Type        Size  Object(Section)

    BuildAttributes$$THM_ISAv3M$S$PE$A:L22$X:L11$S22$IEEE1$IW$~IW$USESV6$~STKCKD$USESV7$~SHL$OTIME$ROPI$IEEEJ$EBA8$UX$STANDARDLIB$REQ8$PRES8$EABIv2 0x00000000   Number         0  anon$$obj.o ABSOLUTE
    _printf_flags                            0x00000000   Number         0  printf_stubs.o ABSOLUTE
    _printf_return_value                     0x00000000   Number         0  printf_stubs.o ABSOLUTE
    _printf_sizespec                         0x00000000   Number         0  printf_stubs.o ABSOLUTE
    _printf_widthprec                        0x00000000   Number         0  printf_stubs.o ABSOLUTE
    __ARM_exceptions_init                     - Undefined Weak Reference
    __alloca_initialize                       - Undefined Weak Reference
    __arm_preinit_                            - Undefined Weak Reference
    __arm_relocate_pie_                       - Undefined Weak Reference
    __cpp_initialize__aeabi_                  - Undefined Weak Reference
    __cxa_finalize                            - Undefined Weak Reference
    __sigvec_lookup                           - Undefined Weak Reference
    _atexit_init                              - Undefined Weak Reference
    _call_atexit_fns                          - Undefined Weak Reference
    _clock_init                               - Undefined Weak Reference
    _fp_trap_init                             - Undefined Weak Reference
    _fp_trap_shutdown                         - Undefined Weak Reference
    _get_lc_collate                           - Undefined Weak Reference
    _get_lc_monetary                          - Undefined Weak Reference
    _get_lc_time                              - Undefined Weak Reference
    _getenv_init                              - Undefined Weak Reference
    _handle_redirection                       - Undefined Weak Reference
    _init_alloc                               - Undefined Weak Reference
    _init_user_alloc                          - Undefined Weak Reference
    _initio                                   - Undefined Weak Reference
    _mutex_acquire                            - Undefined Weak Reference
    _mutex_release                            - Undefined Weak Reference
    _printf_mbtowc                            - Undefined Weak Reference
    _printf_wc                                - Undefined Weak Reference
    _rand_init                                - Undefined Weak Reference
    _signal_finish                            - Undefined Weak Reference
    _signal_init                              - Undefined Weak Reference
    _terminate_alloc                          - Undefined Weak Reference
    _terminate_user_alloc                     - Undefined Weak Reference
    _terminateio                              - Undefined Weak Reference
    __Vectors_Size                           0x000000c0   Number         0  startup_stm32g030xx.o ABSOLUTE
    __Vectors                                0x08000000   Data           4  startup_stm32g030xx.o(RESET)
    __Vectors_End                            0x080000c0   Data           0  startup_stm32g030xx.o(RESET)
    __main                                   0x080000c1   Thumb Code     8  __main.o(!!!main)
    __scatterload                            0x080000c9   Thumb Code     0  __scatter.o(!!!scatter)
    __scatterload_rt2                        0x080000c9   Thumb Code    52  __scatter.o(!!!scatter)
    __scatterload_rt2_thumb_only             0x080000c9   Thumb Code     0  __scatter.o(!!!scatter)
    __scatterload_null                       0x080000d9   Thumb Code     0  __scatter.o(!!!scatter)
    __scatterload_copy                       0x08000105   Thumb Code    26  __scatter_copy.o(!!handler_copy)
    __scatterload_zeroinit                   0x08000121   Thumb Code    28  __scatter_zi.o(!!handler_zi)
    _printf_percent                          0x0800013d   Thumb Code     0  _printf_percent.o(.ARM.Collect$$_printf_percent$$00000000)
    _printf_n                                0x0800013f   Thumb Code     0  _printf_n.o(.ARM.Collect$$_printf_percent$$00000001)
    _printf_p                                0x08000149   Thumb Code     0  _printf_p.o(.ARM.Collect$$_printf_percent$$00000002)
    _printf_f                                0x08000153   Thumb Code     0  _printf_f.o(.ARM.Collect$$_printf_percent$$00000003)
    _printf_e                                0x0800015d   Thumb Code     0  _printf_e.o(.ARM.Collect$$_printf_percent$$00000004)
    _printf_g                                0x08000167   Thumb Code     0  _printf_g.o(.ARM.Collect$$_printf_percent$$00000005)
    _printf_a                                0x08000171   Thumb Code     0  _printf_a.o(.ARM.Collect$$_printf_percent$$00000006)
    _printf_ll                               0x0800017b   Thumb Code     0  _printf_ll.o(.ARM.Collect$$_printf_percent$$00000007)
    _printf_i                                0x08000185   Thumb Code     0  _printf_i.o(.ARM.Collect$$_printf_percent$$00000008)
    _printf_d                                0x0800018f   Thumb Code     0  _printf_d.o(.ARM.Collect$$_printf_percent$$00000009)
    _printf_u                                0x08000199   Thumb Code     0  _printf_u.o(.ARM.Collect$$_printf_percent$$0000000A)
    _printf_o                                0x080001a3   Thumb Code     0  _printf_o.o(.ARM.Collect$$_printf_percent$$0000000B)
    _printf_x                                0x080001ad   Thumb Code     0  _printf_x.o(.ARM.Collect$$_printf_percent$$0000000C)
    _printf_lli                              0x080001b7   Thumb Code     0  _printf_lli.o(.ARM.Collect$$_printf_percent$$0000000D)
    _printf_lld                              0x080001c1   Thumb Code     0  _printf_lld.o(.ARM.Collect$$_printf_percent$$0000000E)
    _printf_llu                              0x080001cb   Thumb Code     0  _printf_llu.o(.ARM.Collect$$_printf_percent$$0000000F)
    _printf_llo                              0x080001d5   Thumb Code     0  _printf_llo.o(.ARM.Collect$$_printf_percent$$00000010)
    _printf_llx                              0x080001df   Thumb Code     0  _printf_llx.o(.ARM.Collect$$_printf_percent$$00000011)
    _printf_l                                0x080001e9   Thumb Code     0  _printf_l.o(.ARM.Collect$$_printf_percent$$00000012)
    _printf_c                                0x080001f3   Thumb Code     0  _printf_c.o(.ARM.Collect$$_printf_percent$$00000013)
    _printf_s                                0x080001fd   Thumb Code     0  _printf_s.o(.ARM.Collect$$_printf_percent$$00000014)
    _printf_lc                               0x08000207   Thumb Code     0  _printf_lc.o(.ARM.Collect$$_printf_percent$$00000015)
    _printf_ls                               0x08000211   Thumb Code     0  _printf_ls.o(.ARM.Collect$$_printf_percent$$00000016)
    _printf_percent_end                      0x0800021b   Thumb Code     0  _printf_percent_end.o(.ARM.Collect$$_printf_percent$$00000017)
    __rt_lib_init                            0x0800021f   Thumb Code     0  libinit.o(.ARM.Collect$$libinit$$00000000)
    __rt_lib_init_fp_1                       0x08000221   Thumb Code     0  libinit2.o(.ARM.Collect$$libinit$$00000002)
    __rt_lib_init_heap_1                     0x08000221   Thumb Code     0  libinit2.o(.ARM.Collect$$libinit$$0000000C)
    __rt_lib_init_lc_common                  0x08000221   Thumb Code     0  libinit2.o(.ARM.Collect$$libinit$$00000011)
    __rt_lib_init_preinit_1                  0x08000221   Thumb Code     0  libinit2.o(.ARM.Collect$$libinit$$00000006)
    __rt_lib_init_rand_1                     0x08000221   Thumb Code     0  libinit2.o(.ARM.Collect$$libinit$$00000010)
    __rt_lib_init_relocate_pie_1             0x08000221   Thumb Code     0  libinit2.o(.ARM.Collect$$libinit$$00000004)
    __rt_lib_init_user_alloc_1               0x08000221   Thumb Code     0  libinit2.o(.ARM.Collect$$libinit$$0000000E)
    __rt_lib_init_lc_collate_1               0x08000227   Thumb Code     0  libinit2.o(.ARM.Collect$$libinit$$00000013)
    __rt_lib_init_lc_ctype_2                 0x08000227   Thumb Code     0  libinit2.o(.ARM.Collect$$libinit$$00000014)
    __rt_lib_init_lc_ctype_1                 0x08000233   Thumb Code     0  libinit2.o(.ARM.Collect$$libinit$$00000015)
    __rt_lib_init_lc_monetary_1              0x08000233   Thumb Code     0  libinit2.o(.ARM.Collect$$libinit$$00000017)
    __rt_lib_init_lc_numeric_2               0x08000233   Thumb Code     0  libinit2.o(.ARM.Collect$$libinit$$00000018)
    __rt_lib_init_alloca_1                   0x0800023d   Thumb Code     0  libinit2.o(.ARM.Collect$$libinit$$00000030)
    __rt_lib_init_argv_1                     0x0800023d   Thumb Code     0  libinit2.o(.ARM.Collect$$libinit$$0000002E)
    __rt_lib_init_atexit_1                   0x0800023d   Thumb Code     0  libinit2.o(.ARM.Collect$$libinit$$0000001D)
    __rt_lib_init_clock_1                    0x0800023d   Thumb Code     0  libinit2.o(.ARM.Collect$$libinit$$00000023)
    __rt_lib_init_cpp_1                      0x0800023d   Thumb Code     0  libinit2.o(.ARM.Collect$$libinit$$00000034)
    __rt_lib_init_exceptions_1               0x0800023d   Thumb Code     0  libinit2.o(.ARM.Collect$$libinit$$00000032)
    __rt_lib_init_fp_trap_1                  0x0800023d   Thumb Code     0  libinit2.o(.ARM.Collect$$libinit$$00000021)
    __rt_lib_init_getenv_1                   0x0800023d   Thumb Code     0  libinit2.o(.ARM.Collect$$libinit$$00000025)
    __rt_lib_init_lc_numeric_1               0x0800023d   Thumb Code     0  libinit2.o(.ARM.Collect$$libinit$$00000019)
    __rt_lib_init_lc_time_1                  0x0800023d   Thumb Code     0  libinit2.o(.ARM.Collect$$libinit$$0000001B)
    __rt_lib_init_return                     0x0800023d   Thumb Code     0  libinit2.o(.ARM.Collect$$libinit$$00000035)
    __rt_lib_init_signal_1                   0x0800023d   Thumb Code     0  libinit2.o(.ARM.Collect$$libinit$$0000001F)
    __rt_lib_init_stdio_1                    0x0800023d   Thumb Code     0  libinit2.o(.ARM.Collect$$libinit$$00000027)
    __rt_lib_shutdown                        0x0800023f   Thumb Code     0  libshutdown.o(.ARM.Collect$$libshutdown$$00000000)
    __rt_lib_shutdown_cpp_1                  0x08000241   Thumb Code     0  libshutdown2.o(.ARM.Collect$$libshutdown$$00000002)
    __rt_lib_shutdown_fp_trap_1              0x08000241   Thumb Code     0  libshutdown2.o(.ARM.Collect$$libshutdown$$00000007)
    __rt_lib_shutdown_heap_1                 0x08000241   Thumb Code     0  libshutdown2.o(.ARM.Collect$$libshutdown$$0000000F)
    __rt_lib_shutdown_return                 0x08000241   Thumb Code     0  libshutdown2.o(.ARM.Collect$$libshutdown$$00000010)
    __rt_lib_shutdown_signal_1               0x08000241   Thumb Code     0  libshutdown2.o(.ARM.Collect$$libshutdown$$0000000A)
    __rt_lib_shutdown_stdio_1                0x08000241   Thumb Code     0  libshutdown2.o(.ARM.Collect$$libshutdown$$00000004)
    __rt_lib_shutdown_user_alloc_1           0x08000241   Thumb Code     0  libshutdown2.o(.ARM.Collect$$libshutdown$$0000000C)
    __rt_entry                               0x08000243   Thumb Code     0  __rtentry.o(.ARM.Collect$$rtentry$$00000000)
    __rt_entry_presh_1                       0x08000243   Thumb Code     0  __rtentry2.o(.ARM.Collect$$rtentry$$00000002)
    __rt_entry_sh                            0x08000243   Thumb Code     0  __rtentry4.o(.ARM.Collect$$rtentry$$00000004)
    __rt_entry_li                            0x08000249   Thumb Code     0  __rtentry2.o(.ARM.Collect$$rtentry$$0000000A)
    __rt_entry_postsh_1                      0x08000249   Thumb Code     0  __rtentry2.o(.ARM.Collect$$rtentry$$00000009)
    __rt_entry_main                          0x0800024d   Thumb Code     0  __rtentry2.o(.ARM.Collect$$rtentry$$0000000D)
    __rt_entry_postli_1                      0x0800024d   Thumb Code     0  __rtentry2.o(.ARM.Collect$$rtentry$$0000000C)
    __rt_exit                                0x08000255   Thumb Code     0  rtexit.o(.ARM.Collect$$rtexit$$00000000)
    __rt_exit_ls                             0x08000257   Thumb Code     0  rtexit2.o(.ARM.Collect$$rtexit$$00000003)
    __rt_exit_prels_1                        0x08000257   Thumb Code     0  rtexit2.o(.ARM.Collect$$rtexit$$00000002)
    __rt_exit_exit                           0x0800025b   Thumb Code     0  rtexit2.o(.ARM.Collect$$rtexit$$00000004)
    Reset_Handler                            0x08000261   Thumb Code     8  startup_stm32g030xx.o(.text)
    ADC1_IRQHandler                          0x08000273   Thumb Code     0  startup_stm32g030xx.o(.text)
    DMA1_Ch4_5_DMAMUX1_OVR_IRQHandler        0x08000273   Thumb Code     0  startup_stm32g030xx.o(.text)
    DMA1_Channel1_IRQHandler                 0x08000273   Thumb Code     0  startup_stm32g030xx.o(.text)
    DMA1_Channel2_3_IRQHandler               0x08000273   Thumb Code     0  startup_stm32g030xx.o(.text)
    EXTI0_1_IRQHandler                       0x08000273   Thumb Code     0  startup_stm32g030xx.o(.text)
    EXTI2_3_IRQHandler                       0x08000273   Thumb Code     0  startup_stm32g030xx.o(.text)
    EXTI4_15_IRQHandler                      0x08000273   Thumb Code     0  startup_stm32g030xx.o(.text)
    FLASH_IRQHandler                         0x08000273   Thumb Code     0  startup_stm32g030xx.o(.text)
    I2C1_IRQHandler                          0x08000273   Thumb Code     0  startup_stm32g030xx.o(.text)
    I2C2_IRQHandler                          0x08000273   Thumb Code     0  startup_stm32g030xx.o(.text)
    RCC_IRQHandler                           0x08000273   Thumb Code     0  startup_stm32g030xx.o(.text)
    RTC_TAMP_IRQHandler                      0x08000273   Thumb Code     0  startup_stm32g030xx.o(.text)
    SPI1_IRQHandler                          0x08000273   Thumb Code     0  startup_stm32g030xx.o(.text)
    SPI2_IRQHandler                          0x08000273   Thumb Code     0  startup_stm32g030xx.o(.text)
    TIM14_IRQHandler                         0x08000273   Thumb Code     0  startup_stm32g030xx.o(.text)
    TIM16_IRQHandler                         0x08000273   Thumb Code     0  startup_stm32g030xx.o(.text)
    TIM17_IRQHandler                         0x08000273   Thumb Code     0  startup_stm32g030xx.o(.text)
    TIM1_BRK_UP_TRG_COM_IRQHandler           0x08000273   Thumb Code     0  startup_stm32g030xx.o(.text)
    TIM1_CC_IRQHandler                       0x08000273   Thumb Code     0  startup_stm32g030xx.o(.text)
    TIM3_IRQHandler                          0x08000273   Thumb Code     0  startup_stm32g030xx.o(.text)
    USART2_IRQHandler                        0x08000273   Thumb Code     0  startup_stm32g030xx.o(.text)
    WWDG_IRQHandler                          0x08000273   Thumb Code     0  startup_stm32g030xx.o(.text)
    __user_initial_stackheap                 0x08000275   Thumb Code     0  startup_stm32g030xx.o(.text)
    __use_no_semihosting                     0x08000295   Thumb Code     2  use_no_semi_2.o(.text)
    printf                                   0x08000299   Thumb Code    22  printf.o(.text)
    _memset_w                                0x080002b5   Thumb Code    26  rt_memclr.o(.text)
    _memset                                  0x080002cf   Thumb Code    30  rt_memclr.o(.text)
    __aeabi_memclr                           0x080002ed   Thumb Code     4  rt_memclr.o(.text)
    __rt_memclr                              0x080002ed   Thumb Code     0  rt_memclr.o(.text)
    __aeabi_memclr4                          0x080002f1   Thumb Code     0  rt_memclr.o(.text)
    __aeabi_memclr8                          0x080002f1   Thumb Code     0  rt_memclr.o(.text)
    __rt_memclr_w                            0x080002f1   Thumb Code     4  rt_memclr.o(.text)
    __aeabi_uidiv                            0x080002f5   Thumb Code     0  aeabi_sdiv.o(.text)
    __aeabi_uidivmod                         0x080002f5   Thumb Code    20  aeabi_sdiv.o(.text)
    __aeabi_idiv                             0x08000309   Thumb Code     0  aeabi_sdiv.o(.text)
    __aeabi_idivmod                          0x08000309   Thumb Code   338  aeabi_sdiv.o(.text)
    __use_two_region_memory                  0x08000461   Thumb Code     2  heapauxi.o(.text)
    __rt_heap_escrow$2region                 0x08000463   Thumb Code     2  heapauxi.o(.text)
    __rt_heap_expand$2region                 0x08000465   Thumb Code     2  heapauxi.o(.text)
    __semihosting$guard                      0x08000467   Thumb Code     0  use_no_semi.o(.text)
    __use_no_semihosting_swi                 0x08000467   Thumb Code     2  use_no_semi.o(.text)
    _printf_pre_padding                      0x08000469   Thumb Code    44  _printf_pad.o(.text)
    _printf_post_padding                     0x08000495   Thumb Code    34  _printf_pad.o(.text)
    _printf_truncate_signed                  0x080004b7   Thumb Code    18  _printf_truncate.o(.text)
    _printf_truncate_unsigned                0x080004c9   Thumb Code    18  _printf_truncate.o(.text)
    _printf_str                              0x080004db   Thumb Code    82  _printf_str.o(.text)
    _printf_int_dec                          0x0800052d   Thumb Code    90  _printf_dec.o(.text)
    _printf_charcount                        0x08000599   Thumb Code    38  _printf_charcount.o(.text)
    _printf_char_file                        0x080005c1   Thumb Code    34  _printf_char_file.o(.text)
    _printf_wctomb                           0x080005e9   Thumb Code   182  _printf_wctomb.o(.text)
    _printf_longlong_dec                     0x080006a5   Thumb Code    94  _printf_longlong_dec.o(.text)
    _printf_longlong_oct                     0x08000715   Thumb Code    68  _printf_oct_int_ll.o(.text)
    _printf_int_oct                          0x08000759   Thumb Code    24  _printf_oct_int_ll.o(.text)
    _printf_ll_oct                           0x08000771   Thumb Code    10  _printf_oct_int_ll.o(.text)
    _printf_longlong_hex                     0x08000785   Thumb Code    88  _printf_hex_int_ll_ptr.o(.text)
    _printf_int_hex                          0x080007dd   Thumb Code    28  _printf_hex_int_ll_ptr.o(.text)
    _printf_ll_hex                           0x080007f9   Thumb Code    10  _printf_hex_int_ll_ptr.o(.text)
    _printf_hex_ptr                          0x08000803   Thumb Code    22  _printf_hex_int_ll_ptr.o(.text)
    __printf                                 0x0800081d   Thumb Code   386  __printf_flags_ss_wp.o(.text)
    _ll_udiv10                               0x080009a5   Thumb Code   122  lludiv10.o(.text)
    _printf_int_common                       0x08000a1f   Thumb Code   176  _printf_intcommon.o(.text)
    _printf_fp_dec_real                      0x08000c6d   Thumb Code   620  _printf_fp_dec.o(.text)
    _printf_fp_hex_real                      0x08000ee5   Thumb Code   718  _printf_fp_hex.o(.text)
    _printf_char_common                      0x080011c7   Thumb Code    32  _printf_char_common.o(.text)
    _printf_cs_common                        0x080011ed   Thumb Code    22  _printf_char.o(.text)
    _printf_char                             0x08001203   Thumb Code    16  _printf_char.o(.text)
    _printf_string                           0x08001213   Thumb Code     8  _printf_char.o(.text)
    _printf_lcs_common                       0x0800121b   Thumb Code    22  _printf_wchar.o(.text)
    _printf_wchar                            0x08001231   Thumb Code    16  _printf_wchar.o(.text)
    _printf_wstring                          0x08001241   Thumb Code     8  _printf_wchar.o(.text)
    ferror                                   0x08001249   Thumb Code     8  ferror.o(.text)
    _c16rtomb                                0x08001251   Thumb Code    66  _c16rtomb.o(.text)
    _wcrtomb                                 0x08001251   Thumb Code     0  _c16rtomb.o(.text)
    __rt_udiv10                              0x08001293   Thumb Code    40  rtudiv10.o(.text)
    __user_setup_stackheap                   0x080012bb   Thumb Code    62  sys_stackheap_outer.o(.text)
    __rt_ctype_table                         0x080012f9   Thumb Code    16  rt_ctype_table.o(.text)
    __rt_locale                              0x08001309   Thumb Code     8  rt_locale_intlibspace.o(.text)
    _printf_fp_infnan                        0x08001311   Thumb Code   120  _printf_fp_infnan.o(.text)
    _btod_etento                             0x08001399   Thumb Code   210  bigflt0.o(.text)
    _btod_d2e                                0x08001471   Thumb Code    64  btod.o(.text)
    _btod_emul                               0x080018a5   Thumb Code    28  btod.o(.text)
    _btod_emuld                              0x080018c1   Thumb Code   144  btod.o(.text)
    _btod_ediv                               0x08001951   Thumb Code    26  btod.o(.text)
    _btod_edivd                              0x0800196b   Thumb Code   124  btod.o(.text)
    exit                                     0x080019f1   Thumb Code    16  exit.o(.text)
    __user_libspace                          0x08001a01   Thumb Code     8  libspace.o(.text)
    __user_perproc_libspace                  0x08001a01   Thumb Code     0  libspace.o(.text)
    __user_perthread_libspace                0x08001a01   Thumb Code     0  libspace.o(.text)
    strcmp                                   0x08001a09   Thumb Code   132  strcmp.o(.text)
    Error_Handler                            0x08001a91   Thumb Code     6  sys.o(.text.Error_Handler)
    HAL_DMA_Abort                            0x08001a99   Thumb Code   192  stm32g0xx_hal_dma.o(.text.HAL_DMA_Abort)
    HAL_DMA_Abort_IT                         0x08001b59   Thumb Code   184  stm32g0xx_hal_dma.o(.text.HAL_DMA_Abort_IT)
    HAL_GPIO_Init                            0x08001c15   Thumb Code   688  stm32g0xx_hal_gpio.o(.text.HAL_GPIO_Init)
    HAL_GetTick                              0x08001ee5   Thumb Code     8  stm32g0xx_hal.o(.text.HAL_GetTick)
    HAL_IncTick                              0x08001eed   Thumb Code    16  stm32g0xx_hal.o(.text.HAL_IncTick)
    HAL_Init                                 0x08001f01   Thumb Code    56  stm32g0xx_hal.o(.text.HAL_Init)
    HAL_InitTick                             0x08001f39   Thumb Code   120  stm32g0xx_hal.o(.text.HAL_InitTick)
    HAL_MspInit                              0x08001fb5   Thumb Code     2  stm32g0xx_hal_msp.o(.text.HAL_MspInit)
    HAL_NVIC_EnableIRQ                       0x08001fb7   Thumb Code    22  stm32g0xx_hal_cortex.o(.text.HAL_NVIC_EnableIRQ)
    HAL_NVIC_SetPriority                     0x08001fcd   Thumb Code    28  stm32g0xx_hal_cortex.o(.text.HAL_NVIC_SetPriority)
    HAL_PWREx_ControlVoltageScaling          0x08001fe9   Thumb Code   112  stm32g0xx_hal_pwr_ex.o(.text.HAL_PWREx_ControlVoltageScaling)
    HAL_RCC_ClockConfig                      0x08002065   Thumb Code   572  stm32g0xx_hal_rcc.o(.text.HAL_RCC_ClockConfig)
    HAL_RCC_GetHCLKFreq                      0x080022b9   Thumb Code     8  stm32g0xx_hal_rcc.o(.text.HAL_RCC_GetHCLKFreq)
    HAL_RCC_GetPCLK1Freq                     0x080022c5   Thumb Code    36  stm32g0xx_hal_rcc.o(.text.HAL_RCC_GetPCLK1Freq)
    HAL_RCC_GetSysClockFreq                  0x080022ed   Thumb Code   268  stm32g0xx_hal_rcc.o(.text.HAL_RCC_GetSysClockFreq)
    HAL_RCC_OscConfig                        0x0800240d   Thumb Code  1660  stm32g0xx_hal_rcc.o(.text.HAL_RCC_OscConfig)
    HAL_SYSTICK_CLKSourceConfig              0x08002ab1   Thumb Code    40  stm32g0xx_hal_cortex.o(.text.HAL_SYSTICK_CLKSourceConfig)
    HAL_SYSTICK_Config                       0x08002add   Thumb Code    16  stm32g0xx_hal_cortex.o(.text.HAL_SYSTICK_Config)
    HAL_UARTEx_RxEventCallback               0x08002aed   Thumb Code    12  stm32g0xx_hal_uart.o(.text.HAL_UARTEx_RxEventCallback)
    HAL_UARTEx_RxFifoFullCallback            0x08002af9   Thumb Code     8  stm32g0xx_hal_uart_ex.o(.text.HAL_UARTEx_RxFifoFullCallback)
    HAL_UARTEx_TxFifoEmptyCallback           0x08002b01   Thumb Code     8  stm32g0xx_hal_uart_ex.o(.text.HAL_UARTEx_TxFifoEmptyCallback)
    HAL_UARTEx_WakeupCallback                0x08002b09   Thumb Code     8  stm32g0xx_hal_uart_ex.o(.text.HAL_UARTEx_WakeupCallback)
    HAL_UART_ErrorCallback                   0x08002b11   Thumb Code     8  stm32g0xx_hal_uart.o(.text.HAL_UART_ErrorCallback)
    HAL_UART_GetState                        0x08002b19   Thumb Code    30  stm32g0xx_hal_uart.o(.text.HAL_UART_GetState)
    HAL_UART_IRQHandler                      0x08002b39   Thumb Code  1388  stm32g0xx_hal_uart.o(.text.HAL_UART_IRQHandler)
    HAL_UART_Init                            0x080030ad   Thumb Code   180  stm32g0xx_hal_uart.o(.text.HAL_UART_Init)
    HAL_UART_MspInit                         0x08003161   Thumb Code   132  usart.o(.text.HAL_UART_MspInit)
    HAL_UART_Receive_IT                      0x080031e9   Thumb Code   232  stm32g0xx_hal_uart.o(.text.HAL_UART_Receive_IT)
    HAL_UART_RxCpltCallback                  0x080032d1   Thumb Code   148  usart.o(.text.HAL_UART_RxCpltCallback)
    HAL_UART_TxCpltCallback                  0x08003379   Thumb Code     8  stm32g0xx_hal_uart.o(.text.HAL_UART_TxCpltCallback)
    HardFault_Handler                        0x08003381   Thumb Code     4  stm32g0xx_it.o(.text.HardFault_Handler)
    LED_Init                                 0x080033cd   Thumb Code    20  led.o(.text.LED_Init)
    NMI_Handler                              0x080033f5   Thumb Code     4  stm32g0xx_it.o(.text.NMI_Handler)
    PendSV_Handler                           0x080033f9   Thumb Code     2  stm32g0xx_it.o(.text.PendSV_Handler)
    SVC_Handler                              0x080033fb   Thumb Code     2  stm32g0xx_it.o(.text.SVC_Handler)
    SysTick_Handler                          0x0800344d   Thumb Code     8  stm32g0xx_it.o(.text.SysTick_Handler)
    SystemInit                               0x08003455   Thumb Code     2  system_stm32g0xx.o(.text.SystemInit)
    UART_AdvFeatureConfig                    0x08003457   Thumb Code   346  stm32g0xx_hal_uart.o(.text.UART_AdvFeatureConfig)
    UART_CheckIdleState                      0x080035b1   Thumb Code   164  stm32g0xx_hal_uart.o(.text.UART_CheckIdleState)
    UART_SetConfig                           0x08003fa9   Thumb Code   692  stm32g0xx_hal_uart.o(.text.UART_SetConfig)
    UART_Start_Receive_IT                    0x08004279   Thumb Code   536  stm32g0xx_hal_uart.o(.text.UART_Start_Receive_IT)
    UART_WaitOnFlagUntilTimeout              0x080044a5   Thumb Code   402  stm32g0xx_hal_uart.o(.text.UART_WaitOnFlagUntilTimeout)
    USART1_IRQHandler                        0x08004639   Thumb Code   104  usart.o(.text.USART1_IRQHandler)
    _sys_exit                                0x08004751   Thumb Code     8  usart.o(.text._sys_exit)
    delay_Init                               0x08004759   Thumb Code    32  delay.o(.text.delay_Init)
    delay_ms                                 0x08004779   Thumb Code    76  delay.o(.text.delay_ms)
    delay_us                                 0x080047d5   Thumb Code   136  delay.o(.text.delay_us)
    fputc                                    0x08004869   Thumb Code    36  usart.o(.text.fputc)
    main                                     0x08004895   Thumb Code   112  main.o(.text.main)
    sys_stm32_clock_init                     0x08004915   Thumb Code   108  sys.o(.text.sys_stm32_clock_init)
    uart_init                                0x08004981   Thumb Code    52  usart.o(.text.uart_init)
    __ARM_common_ll_muluu                    0x080049c1   Thumb Code    48  btod.o(i.__ARM_common_ll_muluu)
    __ARM_fpclassify                         0x080049f1   Thumb Code    40  fpclassify.o(i.__ARM_fpclassify)
    _is_digit                                0x08004a1d   Thumb Code    14  __printf_wp.o(i._is_digit)
    _get_lc_numeric                          0x08004a2d   Thumb Code    44  lc_numeric_c.o(locale$$code)
    _get_lc_ctype                            0x08004a59   Thumb Code    44  lc_ctype_c.o(locale$$code)
    _printf_fp_dec                           0x08004a85   Thumb Code    16  printf1.o(x$fpl$printf1)
    _printf_fp_hex                           0x08004a95   Thumb Code    16  printf2.o(x$fpl$printf2)
    __I$use$fp                               0x08004aa4   Number         0  usenofp.o(x$fpl$usenofp)
    AHBPrescTable                            0x08004ba0   Data          64  system_stm32g0xx.o(.rodata.AHBPrescTable)
    APBPrescTable                            0x08004be0   Data          32  system_stm32g0xx.o(.rodata.APBPrescTable)
    UARTPrescTable                           0x08004c00   Data          24  stm32g0xx_hal_uart.o(.rodata.UARTPrescTable)
    Region$$Table$$Base                      0x08004c44   Number         0  anon$$obj.o(Region$$Table)
    Region$$Table$$Limit                     0x08004c64   Number         0  anon$$obj.o(Region$$Table)
    __ctype                                  0x08004c8d   Data           0  lc_ctype_c.o(locale$$data)
    __ARM_use_no_argv                        0x20000000   Data           4  main.o(.ARM.use_no_argv)
    SystemCoreClock                          0x20000004   Data           4  system_stm32g0xx.o(.data.SystemCoreClock)
    uwTickFreq                               0x20000008   Data           1  stm32g0xx_hal.o(.data.uwTickFreq)
    uwTickPrio                               0x2000000c   Data           4  stm32g0xx_hal.o(.data.uwTickPrio)
    __libspace_start                         0x20000010   Data          96  libspace.o(.bss)
    UART1_Handler                            0x20000070   Data         144  usart.o(.bss.UART1_Handler)
    __temporary_stack_top$libspace           0x20000070   Data           0  libspace.o(.bss)
    USART_RX_BUF                             0x20000100   Data         200  usart.o(.bss.USART_RX_BUF)
    USART_RX_STA                             0x200001c8   Data           2  usart.o(.bss.USART_RX_STA)
    __stdout                                 0x200001cc   Data          84  usart.o(.bss.__stdout)
    aRxBuffer                                0x20000220   Data           1  usart.o(.bss.aRxBuffer)
    uwTick                                   0x20000228   Data           4  stm32g0xx_hal.o(.bss.uwTick)



==============================================================================

Memory Map of the image

  Image Entry point : 0x080000c1

  Load Region LR_IROM1 (Base: 0x08000000, Size: 0x00004da0, Max: 0x00008000, ABSOLUTE)

    Execution Region ER_IROM1 (Exec base: 0x08000000, Load base: 0x08000000, Size: 0x00004d90, Max: 0x00008000, ABSOLUTE)

    Exec Addr    Load Addr    Size         Type   Attr      Idx    E Section Name        Object

    0x08000000   0x08000000   0x000000c0   Data   RO            3    RESET               startup_stm32g030xx.o
    0x080000c0   0x080000c0   0x00000008   Code   RO          790  * !!!main             c_p.l(__main.o)
    0x080000c8   0x080000c8   0x0000003c   Code   RO         1114    !!!scatter          c_p.l(__scatter.o)
    0x08000104   0x08000104   0x0000001a   Code   RO         1116    !!handler_copy      c_p.l(__scatter_copy.o)
    0x0800011e   0x0800011e   0x00000002   PAD
    0x08000120   0x08000120   0x0000001c   Code   RO         1118    !!handler_zi        c_p.l(__scatter_zi.o)
    0x0800013c   0x0800013c   0x00000002   Code   RO          878    .ARM.Collect$$_printf_percent$$00000000  c_p.l(_printf_percent.o)
    0x0800013e   0x0800013e   0x0000000a   Code   RO          867    .ARM.Collect$$_printf_percent$$00000001  c_p.l(_printf_n.o)
    0x08000148   0x08000148   0x0000000a   Code   RO          869    .ARM.Collect$$_printf_percent$$00000002  c_p.l(_printf_p.o)
    0x08000152   0x08000152   0x0000000a   Code   RO          874    .ARM.Collect$$_printf_percent$$00000003  c_p.l(_printf_f.o)
    0x0800015c   0x0800015c   0x0000000a   Code   RO          875    .ARM.Collect$$_printf_percent$$00000004  c_p.l(_printf_e.o)
    0x08000166   0x08000166   0x0000000a   Code   RO          876    .ARM.Collect$$_printf_percent$$00000005  c_p.l(_printf_g.o)
    0x08000170   0x08000170   0x0000000a   Code   RO          877    .ARM.Collect$$_printf_percent$$00000006  c_p.l(_printf_a.o)
    0x0800017a   0x0800017a   0x0000000a   Code   RO          882    .ARM.Collect$$_printf_percent$$00000007  c_p.l(_printf_ll.o)
    0x08000184   0x08000184   0x0000000a   Code   RO          871    .ARM.Collect$$_printf_percent$$00000008  c_p.l(_printf_i.o)
    0x0800018e   0x0800018e   0x0000000a   Code   RO          872    .ARM.Collect$$_printf_percent$$00000009  c_p.l(_printf_d.o)
    0x08000198   0x08000198   0x0000000a   Code   RO          873    .ARM.Collect$$_printf_percent$$0000000A  c_p.l(_printf_u.o)
    0x080001a2   0x080001a2   0x0000000a   Code   RO          870    .ARM.Collect$$_printf_percent$$0000000B  c_p.l(_printf_o.o)
    0x080001ac   0x080001ac   0x0000000a   Code   RO          868    .ARM.Collect$$_printf_percent$$0000000C  c_p.l(_printf_x.o)
    0x080001b6   0x080001b6   0x0000000a   Code   RO          879    .ARM.Collect$$_printf_percent$$0000000D  c_p.l(_printf_lli.o)
    0x080001c0   0x080001c0   0x0000000a   Code   RO          880    .ARM.Collect$$_printf_percent$$0000000E  c_p.l(_printf_lld.o)
    0x080001ca   0x080001ca   0x0000000a   Code   RO          881    .ARM.Collect$$_printf_percent$$0000000F  c_p.l(_printf_llu.o)
    0x080001d4   0x080001d4   0x0000000a   Code   RO          886    .ARM.Collect$$_printf_percent$$00000010  c_p.l(_printf_llo.o)
    0x080001de   0x080001de   0x0000000a   Code   RO          887    .ARM.Collect$$_printf_percent$$00000011  c_p.l(_printf_llx.o)
    0x080001e8   0x080001e8   0x0000000a   Code   RO          883    .ARM.Collect$$_printf_percent$$00000012  c_p.l(_printf_l.o)
    0x080001f2   0x080001f2   0x0000000a   Code   RO          865    .ARM.Collect$$_printf_percent$$00000013  c_p.l(_printf_c.o)
    0x080001fc   0x080001fc   0x0000000a   Code   RO          866    .ARM.Collect$$_printf_percent$$00000014  c_p.l(_printf_s.o)
    0x08000206   0x08000206   0x0000000a   Code   RO          884    .ARM.Collect$$_printf_percent$$00000015  c_p.l(_printf_lc.o)
    0x08000210   0x08000210   0x0000000a   Code   RO          885    .ARM.Collect$$_printf_percent$$00000016  c_p.l(_printf_ls.o)
    0x0800021a   0x0800021a   0x00000004   Code   RO          930    .ARM.Collect$$_printf_percent$$00000017  c_p.l(_printf_percent_end.o)
    0x0800021e   0x0800021e   0x00000002   Code   RO          976    .ARM.Collect$$libinit$$00000000  c_p.l(libinit.o)
    0x08000220   0x08000220   0x00000000   Code   RO         1002    .ARM.Collect$$libinit$$00000002  c_p.l(libinit2.o)
    0x08000220   0x08000220   0x00000000   Code   RO         1004    .ARM.Collect$$libinit$$00000004  c_p.l(libinit2.o)
    0x08000220   0x08000220   0x00000000   Code   RO         1006    .ARM.Collect$$libinit$$00000006  c_p.l(libinit2.o)
    0x08000220   0x08000220   0x00000000   Code   RO         1009    .ARM.Collect$$libinit$$0000000C  c_p.l(libinit2.o)
    0x08000220   0x08000220   0x00000000   Code   RO         1011    .ARM.Collect$$libinit$$0000000E  c_p.l(libinit2.o)
    0x08000220   0x08000220   0x00000000   Code   RO         1013    .ARM.Collect$$libinit$$00000010  c_p.l(libinit2.o)
    0x08000220   0x08000220   0x00000006   Code   RO         1014    .ARM.Collect$$libinit$$00000011  c_p.l(libinit2.o)
    0x08000226   0x08000226   0x00000000   Code   RO         1016    .ARM.Collect$$libinit$$00000013  c_p.l(libinit2.o)
    0x08000226   0x08000226   0x0000000c   Code   RO         1017    .ARM.Collect$$libinit$$00000014  c_p.l(libinit2.o)
    0x08000232   0x08000232   0x00000000   Code   RO         1018    .ARM.Collect$$libinit$$00000015  c_p.l(libinit2.o)
    0x08000232   0x08000232   0x00000000   Code   RO         1020    .ARM.Collect$$libinit$$00000017  c_p.l(libinit2.o)
    0x08000232   0x08000232   0x0000000a   Code   RO         1021    .ARM.Collect$$libinit$$00000018  c_p.l(libinit2.o)
    0x0800023c   0x0800023c   0x00000000   Code   RO         1022    .ARM.Collect$$libinit$$00000019  c_p.l(libinit2.o)
    0x0800023c   0x0800023c   0x00000000   Code   RO         1024    .ARM.Collect$$libinit$$0000001B  c_p.l(libinit2.o)
    0x0800023c   0x0800023c   0x00000000   Code   RO         1026    .ARM.Collect$$libinit$$0000001D  c_p.l(libinit2.o)
    0x0800023c   0x0800023c   0x00000000   Code   RO         1028    .ARM.Collect$$libinit$$0000001F  c_p.l(libinit2.o)
    0x0800023c   0x0800023c   0x00000000   Code   RO         1030    .ARM.Collect$$libinit$$00000021  c_p.l(libinit2.o)
    0x0800023c   0x0800023c   0x00000000   Code   RO         1032    .ARM.Collect$$libinit$$00000023  c_p.l(libinit2.o)
    0x0800023c   0x0800023c   0x00000000   Code   RO         1034    .ARM.Collect$$libinit$$00000025  c_p.l(libinit2.o)
    0x0800023c   0x0800023c   0x00000000   Code   RO         1036    .ARM.Collect$$libinit$$00000027  c_p.l(libinit2.o)
    0x0800023c   0x0800023c   0x00000000   Code   RO         1040    .ARM.Collect$$libinit$$0000002E  c_p.l(libinit2.o)
    0x0800023c   0x0800023c   0x00000000   Code   RO         1042    .ARM.Collect$$libinit$$00000030  c_p.l(libinit2.o)
    0x0800023c   0x0800023c   0x00000000   Code   RO         1044    .ARM.Collect$$libinit$$00000032  c_p.l(libinit2.o)
    0x0800023c   0x0800023c   0x00000000   Code   RO         1046    .ARM.Collect$$libinit$$00000034  c_p.l(libinit2.o)
    0x0800023c   0x0800023c   0x00000002   Code   RO         1047    .ARM.Collect$$libinit$$00000035  c_p.l(libinit2.o)
    0x0800023e   0x0800023e   0x00000002   Code   RO         1073    .ARM.Collect$$libshutdown$$00000000  c_p.l(libshutdown.o)
    0x08000240   0x08000240   0x00000000   Code   RO         1097    .ARM.Collect$$libshutdown$$00000002  c_p.l(libshutdown2.o)
    0x08000240   0x08000240   0x00000000   Code   RO         1099    .ARM.Collect$$libshutdown$$00000004  c_p.l(libshutdown2.o)
    0x08000240   0x08000240   0x00000000   Code   RO         1102    .ARM.Collect$$libshutdown$$00000007  c_p.l(libshutdown2.o)
    0x08000240   0x08000240   0x00000000   Code   RO         1105    .ARM.Collect$$libshutdown$$0000000A  c_p.l(libshutdown2.o)
    0x08000240   0x08000240   0x00000000   Code   RO         1107    .ARM.Collect$$libshutdown$$0000000C  c_p.l(libshutdown2.o)
    0x08000240   0x08000240   0x00000000   Code   RO         1110    .ARM.Collect$$libshutdown$$0000000F  c_p.l(libshutdown2.o)
    0x08000240   0x08000240   0x00000002   Code   RO         1111    .ARM.Collect$$libshutdown$$00000010  c_p.l(libshutdown2.o)
    0x08000242   0x08000242   0x00000000   Code   RO          794    .ARM.Collect$$rtentry$$00000000  c_p.l(__rtentry.o)
    0x08000242   0x08000242   0x00000000   Code   RO          897    .ARM.Collect$$rtentry$$00000002  c_p.l(__rtentry2.o)
    0x08000242   0x08000242   0x00000006   Code   RO          909    .ARM.Collect$$rtentry$$00000004  c_p.l(__rtentry4.o)
    0x08000248   0x08000248   0x00000000   Code   RO          899    .ARM.Collect$$rtentry$$00000009  c_p.l(__rtentry2.o)
    0x08000248   0x08000248   0x00000004   Code   RO          900    .ARM.Collect$$rtentry$$0000000A  c_p.l(__rtentry2.o)
    0x0800024c   0x0800024c   0x00000000   Code   RO          902    .ARM.Collect$$rtentry$$0000000C  c_p.l(__rtentry2.o)
    0x0800024c   0x0800024c   0x00000008   Code   RO          903    .ARM.Collect$$rtentry$$0000000D  c_p.l(__rtentry2.o)
    0x08000254   0x08000254   0x00000002   Code   RO          986    .ARM.Collect$$rtexit$$00000000  c_p.l(rtexit.o)
    0x08000256   0x08000256   0x00000000   Code   RO         1049    .ARM.Collect$$rtexit$$00000002  c_p.l(rtexit2.o)
    0x08000256   0x08000256   0x00000004   Code   RO         1050    .ARM.Collect$$rtexit$$00000003  c_p.l(rtexit2.o)
    0x0800025a   0x0800025a   0x00000006   Code   RO         1051    .ARM.Collect$$rtexit$$00000004  c_p.l(rtexit2.o)
    0x08000260   0x08000260   0x00000034   Code   RO            4    .text               startup_stm32g030xx.o
    0x08000294   0x08000294   0x00000002   Code   RO          778    .text               c_p.l(use_no_semi_2.o)
    0x08000296   0x08000296   0x00000002   PAD
    0x08000298   0x08000298   0x0000001c   Code   RO          780    .text               c_p.l(printf.o)
    0x080002b4   0x080002b4   0x00000040   Code   RO          782    .text               c_p.l(rt_memclr.o)
    0x080002f4   0x080002f4   0x0000016c   Code   RO          784    .text               c_p.l(aeabi_sdiv.o)
    0x08000460   0x08000460   0x00000006   Code   RO          788    .text               c_p.l(heapauxi.o)
    0x08000466   0x08000466   0x00000002   Code   RO          792    .text               c_p.l(use_no_semi.o)
    0x08000468   0x08000468   0x0000004e   Code   RO          801    .text               c_p.l(_printf_pad.o)
    0x080004b6   0x080004b6   0x00000024   Code   RO          803    .text               c_p.l(_printf_truncate.o)
    0x080004da   0x080004da   0x00000052   Code   RO          805    .text               c_p.l(_printf_str.o)
    0x0800052c   0x0800052c   0x0000006c   Code   RO          807    .text               c_p.l(_printf_dec.o)
    0x08000598   0x08000598   0x00000026   Code   RO          809    .text               c_p.l(_printf_charcount.o)
    0x080005be   0x080005be   0x00000002   PAD
    0x080005c0   0x080005c0   0x00000028   Code   RO          811    .text               c_p.l(_printf_char_file.o)
    0x080005e8   0x080005e8   0x000000bc   Code   RO          813    .text               c_p.l(_printf_wctomb.o)
    0x080006a4   0x080006a4   0x00000070   Code   RO          816    .text               c_p.l(_printf_longlong_dec.o)
    0x08000714   0x08000714   0x00000070   Code   RO          822    .text               c_p.l(_printf_oct_int_ll.o)
    0x08000784   0x08000784   0x00000098   Code   RO          842    .text               c_p.l(_printf_hex_int_ll_ptr.o)
    0x0800081c   0x0800081c   0x00000188   Code   RO          862    .text               c_p.l(__printf_flags_ss_wp.o)
    0x080009a4   0x080009a4   0x0000007a   Code   RO          913    .text               c_p.l(lludiv10.o)
    0x08000a1e   0x08000a1e   0x000000b0   Code   RO          915    .text               c_p.l(_printf_intcommon.o)
    0x08000ace   0x08000ace   0x00000002   PAD
    0x08000ad0   0x08000ad0   0x00000414   Code   RO          917    .text               c_p.l(_printf_fp_dec.o)
    0x08000ee4   0x08000ee4   0x000002d8   Code   RO          921    .text               c_p.l(_printf_fp_hex.o)
    0x080011bc   0x080011bc   0x00000030   Code   RO          924    .text               c_p.l(_printf_char_common.o)
    0x080011ec   0x080011ec   0x0000002e   Code   RO          926    .text               c_p.l(_printf_char.o)
    0x0800121a   0x0800121a   0x0000002e   Code   RO          928    .text               c_p.l(_printf_wchar.o)
    0x08001248   0x08001248   0x00000008   Code   RO          931    .text               c_p.l(ferror.o)
    0x08001250   0x08001250   0x00000042   Code   RO          935    .text               c_p.l(_c16rtomb.o)
    0x08001292   0x08001292   0x00000028   Code   RO          937    .text               c_p.l(rtudiv10.o)
    0x080012ba   0x080012ba   0x0000003e   Code   RO          939    .text               c_p.l(sys_stackheap_outer.o)
    0x080012f8   0x080012f8   0x00000010   Code   RO          942    .text               c_p.l(rt_ctype_table.o)
    0x08001308   0x08001308   0x00000008   Code   RO          947    .text               c_p.l(rt_locale_intlibspace.o)
    0x08001310   0x08001310   0x00000088   Code   RO          949    .text               c_p.l(_printf_fp_infnan.o)
    0x08001398   0x08001398   0x000000d8   Code   RO          953    .text               c_p.l(bigflt0.o)
    0x08001470   0x08001470   0x00000580   Code   RO          956    .text               c_p.l(btod.o)
    0x080019f0   0x080019f0   0x00000010   Code   RO          965    .text               c_p.l(exit.o)
    0x08001a00   0x08001a00   0x00000008   Code   RO          982    .text               c_p.l(libspace.o)
    0x08001a08   0x08001a08   0x00000088   Code   RO          999    .text               c_p.l(strcmp.o)
    0x08001a90   0x08001a90   0x00000006   Code   RO          651    .text.Error_Handler  sys.o
    0x08001a96   0x08001a96   0x00000002   PAD
    0x08001a98   0x08001a98   0x000000c0   Code   RO          626    .text.HAL_DMA_Abort  stm32g0xx_hal_dma.o
    0x08001b58   0x08001b58   0x000000bc   Code   RO          628    .text.HAL_DMA_Abort_IT  stm32g0xx_hal_dma.o
    0x08001c14   0x08001c14   0x000002d0   Code   RO          262    .text.HAL_GPIO_Init  stm32g0xx_hal_gpio.o
    0x08001ee4   0x08001ee4   0x00000008   Code   RO           23    .text.HAL_GetTick   stm32g0xx_hal.o
    0x08001eec   0x08001eec   0x00000014   Code   RO           21    .text.HAL_IncTick   stm32g0xx_hal.o
    0x08001f00   0x08001f00   0x00000038   Code   RO           11    .text.HAL_Init      stm32g0xx_hal.o
    0x08001f38   0x08001f38   0x0000007c   Code   RO           13    .text.HAL_InitTick  stm32g0xx_hal.o
    0x08001fb4   0x08001fb4   0x00000002   Code   RO          749    .text.HAL_MspInit   stm32g0xx_hal_msp.o
    0x08001fb6   0x08001fb6   0x00000016   Code   RO           83    .text.HAL_NVIC_EnableIRQ  stm32g0xx_hal_cortex.o
    0x08001fcc   0x08001fcc   0x0000001c   Code   RO           79    .text.HAL_NVIC_SetPriority  stm32g0xx_hal_cortex.o
    0x08001fe8   0x08001fe8   0x0000007c   Code   RO          191    .text.HAL_PWREx_ControlVoltageScaling  stm32g0xx_hal_pwr_ex.o
    0x08002064   0x08002064   0x00000254   Code   RO          208    .text.HAL_RCC_ClockConfig  stm32g0xx_hal_rcc.o
    0x080022b8   0x080022b8   0x0000000c   Code   RO          214    .text.HAL_RCC_GetHCLKFreq  stm32g0xx_hal_rcc.o
    0x080022c4   0x080022c4   0x00000028   Code   RO          216    .text.HAL_RCC_GetPCLK1Freq  stm32g0xx_hal_rcc.o
    0x080022ec   0x080022ec   0x00000120   Code   RO          210    .text.HAL_RCC_GetSysClockFreq  stm32g0xx_hal_rcc.o
    0x0800240c   0x0800240c   0x000006a4   Code   RO          206    .text.HAL_RCC_OscConfig  stm32g0xx_hal_rcc.o
    0x08002ab0   0x08002ab0   0x0000002c   Code   RO          115    .text.HAL_SYSTICK_CLKSourceConfig  stm32g0xx_hal_cortex.o
    0x08002adc   0x08002adc   0x00000010   Code   RO           95    .text.HAL_SYSTICK_Config  stm32g0xx_hal_cortex.o
    0x08002aec   0x08002aec   0x0000000c   Code   RO          381    .text.HAL_UARTEx_RxEventCallback  stm32g0xx_hal_uart.o
    0x08002af8   0x08002af8   0x00000008   Code   RO          439    .text.HAL_UARTEx_RxFifoFullCallback  stm32g0xx_hal_uart_ex.o
    0x08002b00   0x08002b00   0x00000008   Code   RO          441    .text.HAL_UARTEx_TxFifoEmptyCallback  stm32g0xx_hal_uart_ex.o
    0x08002b08   0x08002b08   0x00000008   Code   RO          437    .text.HAL_UARTEx_WakeupCallback  stm32g0xx_hal_uart_ex.o
    0x08002b10   0x08002b10   0x00000008   Code   RO          379    .text.HAL_UART_ErrorCallback  stm32g0xx_hal_uart.o
    0x08002b18   0x08002b18   0x0000001e   Code   RO          411    .text.HAL_UART_GetState  stm32g0xx_hal_uart.o
    0x08002b36   0x08002b36   0x00000002   PAD
    0x08002b38   0x08002b38   0x00000574   Code   RO          375    .text.HAL_UART_IRQHandler  stm32g0xx_hal_uart.o
    0x080030ac   0x080030ac   0x000000b4   Code   RO          287    .text.HAL_UART_Init  stm32g0xx_hal_uart.o
    0x08003160   0x08003160   0x00000088   Code   RO          690    .text.HAL_UART_MspInit  usart.o
    0x080031e8   0x080031e8   0x000000e8   Code   RO          323    .text.HAL_UART_Receive_IT  stm32g0xx_hal_uart.o
    0x080032d0   0x080032d0   0x000000a8   Code   RO          692    .text.HAL_UART_RxCpltCallback  usart.o
    0x08003378   0x08003378   0x00000008   Code   RO          385    .text.HAL_UART_TxCpltCallback  stm32g0xx_hal_uart.o
    0x08003380   0x08003380   0x00000004   Code   RO          720    .text.HardFault_Handler  stm32g0xx_it.o
    0x08003384   0x08003384   0x00000048   Code   RO          766    .text.LED_GPIO_Config  led.o
    0x080033cc   0x080033cc   0x00000018   Code   RO          764    .text.LED_Init      led.o
    0x080033e4   0x080033e4   0x00000010   Code   RO          218    .text.LL_RCC_GetAPB1Prescaler  stm32g0xx_hal_rcc.o
    0x080033f4   0x080033f4   0x00000004   Code   RO          718    .text.NMI_Handler   stm32g0xx_it.o
    0x080033f8   0x080033f8   0x00000002   Code   RO          724    .text.PendSV_Handler  stm32g0xx_it.o
    0x080033fa   0x080033fa   0x00000002   Code   RO          722    .text.SVC_Handler   stm32g0xx_it.o
    0x080033fc   0x080033fc   0x00000050   Code   RO           97    .text.SysTick_Config  stm32g0xx_hal_cortex.o
    0x0800344c   0x0800344c   0x00000008   Code   RO          726    .text.SysTick_Handler  stm32g0xx_it.o
    0x08003454   0x08003454   0x00000002   Code   RO          735    .text.SystemInit    system_stm32g0xx.o
    0x08003456   0x08003456   0x0000015a   Code   RO          293    .text.UART_AdvFeatureConfig  stm32g0xx_hal_uart.o
    0x080035b0   0x080035b0   0x000000a8   Code   RO          295    .text.UART_CheckIdleState  stm32g0xx_hal_uart.o
    0x08003658   0x08003658   0x00000024   Code   RO          377    .text.UART_DMAAbortOnError  stm32g0xx_hal_uart.o
    0x0800367c   0x0800367c   0x000000b8   Code   RO          347    .text.UART_EndRxTransfer  stm32g0xx_hal_uart.o
    0x08003734   0x08003734   0x0000004c   Code   RO          383    .text.UART_EndTransmit_IT  stm32g0xx_hal_uart.o
    0x08003780   0x08003780   0x00000140   Code   RO          419    .text.UART_RxISR_16BIT  stm32g0xx_hal_uart.o
    0x080038c0   0x080038c0   0x000002d8   Code   RO          415    .text.UART_RxISR_16BIT_FIFOEN  stm32g0xx_hal_uart.o
    0x08003b98   0x08003b98   0x0000013c   Code   RO          421    .text.UART_RxISR_8BIT  stm32g0xx_hal_uart.o
    0x08003cd4   0x08003cd4   0x000002d4   Code   RO          417    .text.UART_RxISR_8BIT_FIFOEN  stm32g0xx_hal_uart.o
    0x08003fa8   0x08003fa8   0x000002d0   Code   RO          291    .text.UART_SetConfig  stm32g0xx_hal_uart.o
    0x08004278   0x08004278   0x0000022c   Code   RO          325    .text.UART_Start_Receive_IT  stm32g0xx_hal_uart.o
    0x080044a4   0x080044a4   0x00000192   Code   RO          309    .text.UART_WaitOnFlagUntilTimeout  stm32g0xx_hal_uart.o
    0x08004636   0x08004636   0x00000002   PAD
    0x08004638   0x08004638   0x00000068   Code   RO          694    .text.USART1_IRQHandler  usart.o
    0x080046a0   0x080046a0   0x0000002c   Code   RO           85    .text.__NVIC_EnableIRQ  stm32g0xx_hal_cortex.o
    0x080046cc   0x080046cc   0x00000084   Code   RO           81    .text.__NVIC_SetPriority  stm32g0xx_hal_cortex.o
    0x08004750   0x08004750   0x00000008   Code   RO          682    .text._sys_exit     usart.o
    0x08004758   0x08004758   0x00000020   Code   RO          670    .text.delay_Init    delay.o
    0x08004778   0x08004778   0x0000005c   Code   RO          668    .text.delay_ms      delay.o
    0x080047d4   0x080047d4   0x00000094   Code   RO          666    .text.delay_us      delay.o
    0x08004868   0x08004868   0x0000002c   Code   RO          686    .text.fputc         usart.o
    0x08004894   0x08004894   0x00000080   Code   RO          708    .text.main          main.o
    0x08004914   0x08004914   0x0000006c   Code   RO          649    .text.sys_stm32_clock_init  sys.o
    0x08004980   0x08004980   0x00000040   Code   RO          688    .text.uart_init     usart.o
    0x080049c0   0x080049c0   0x00000030   Code   RO          958    i.__ARM_common_ll_muluu  c_p.l(btod.o)
    0x080049f0   0x080049f0   0x0000002c   Code   RO          980    i.__ARM_fpclassify  m_ps.l(fpclassify.o)
    0x08004a1c   0x08004a1c   0x0000000e   Code   RO          855    i._is_digit         c_p.l(__printf_wp.o)
    0x08004a2a   0x08004a2a   0x00000002   PAD
    0x08004a2c   0x08004a2c   0x0000002c   Code   RO          963    locale$$code        c_p.l(lc_numeric_c.o)
    0x08004a58   0x08004a58   0x0000002c   Code   RO          993    locale$$code        c_p.l(lc_ctype_c.o)
    0x08004a84   0x08004a84   0x00000010   Code   RO          888    x$fpl$printf1       fz_ps.l(printf1.o)
    0x08004a94   0x08004a94   0x00000010   Code   RO          890    x$fpl$printf2       fz_ps.l(printf2.o)
    0x08004aa4   0x08004aa4   0x00000000   Code   RO          979    x$fpl$usenofp       fz_ps.l(usenofp.o)
    0x08004aa4   0x08004aa4   0x00000008   Data   RO          814    .constdata          c_p.l(_printf_wctomb.o)
    0x08004aac   0x08004aac   0x00000028   Data   RO          843    .constdata          c_p.l(_printf_hex_int_ll_ptr.o)
    0x08004ad4   0x08004ad4   0x00000011   Data   RO          863    .constdata          c_p.l(__printf_flags_ss_wp.o)
    0x08004ae5   0x08004ae5   0x00000026   Data   RO          922    .constdata          c_p.l(_printf_fp_hex.o)
    0x08004b0b   0x08004b0b   0x00000001   PAD
    0x08004b0c   0x08004b0c   0x00000094   Data   RO          954    .constdata          c_p.l(bigflt0.o)
    0x08004ba0   0x08004ba0   0x00000040   Data   RO          740    .rodata.AHBPrescTable  system_stm32g0xx.o
    0x08004be0   0x08004be0   0x00000020   Data   RO          741    .rodata.APBPrescTable  system_stm32g0xx.o
    0x08004c00   0x08004c00   0x00000018   Data   RO          427    .rodata.UARTPrescTable  stm32g0xx_hal_uart.o
    0x08004c18   0x08004c18   0x0000002c   Data   RO          710    .rodata.str1.1      main.o
    0x08004c44   0x08004c44   0x00000020   Data   RO         1113    Region$$Table       anon$$obj.o
    0x08004c64   0x08004c64   0x0000001c   Data   RO          962    locale$$data        c_p.l(lc_numeric_c.o)
    0x08004c80   0x08004c80   0x00000110   Data   RO          992    locale$$data        c_p.l(lc_ctype_c.o)


    Execution Region RW_IRAM1 (Exec base: 0x20000000, Load base: 0x08004d90, Size: 0x00000630, Max: 0x00002000, ABSOLUTE)

    Exec Addr    Load Addr    Size         Type   Attr      Idx    E Section Name        Object

    0x20000000   0x08004d90   0x00000004   Data   RW          711    .ARM.use_no_argv    main.o
    0x20000004   0x08004d94   0x00000004   Data   RW          739    .data.SystemCoreClock  system_stm32g0xx.o
    0x20000008   0x08004d98   0x00000001   Data   RW           70    .data.uwTickFreq    stm32g0xx_hal.o
    0x20000009   0x08004d99   0x00000003   PAD
    0x2000000c   0x08004d9c   0x00000004   Data   RW           69    .data.uwTickPrio    stm32g0xx_hal.o
    0x20000010        -       0x00000060   Zero   RW          983    .bss                c_p.l(libspace.o)
    0x20000070        -       0x00000090   Zero   RW          697    .bss.UART1_Handler  usart.o
    0x20000100        -       0x000000c8   Zero   RW          699    .bss.USART_RX_BUF   usart.o
    0x200001c8        -       0x00000002   Zero   RW          696    .bss.USART_RX_STA   usart.o
    0x200001ca   0x08004da0   0x00000002   PAD
    0x200001cc        -       0x00000054   Zero   RW          700    .bss.__stdout       usart.o
    0x20000220        -       0x00000001   Zero   RW          698    .bss.aRxBuffer      usart.o
    0x20000221   0x08004da0   0x00000003   PAD
    0x20000224        -       0x00000004   Zero   RW          672    .bss.fac_us         delay.o
    0x20000228        -       0x00000004   Zero   RW           71    .bss.uwTick         stm32g0xx_hal.o
    0x2000022c   0x08004da0   0x00000004   PAD
    0x20000230        -       0x00000000   Zero   RW            2    HEAP                startup_stm32g030xx.o
    0x20000230        -       0x00000400   Zero   RW            1    STACK               startup_stm32g030xx.o


==============================================================================

Image component sizes


      Code (inc. data)   RO Data    RW Data    ZI Data      Debug   Object Name

       272         28          0          0          4       1431   delay.o
        96         12          0          0          0       2502   led.o
       128         16         44          4          0       1629   main.o
        52         22        192          0       1024        656   startup_stm32g030xx.o
       208          8          0          5          4       6381   stm32g0xx_hal.o
       366         28          0          0          0       6010   stm32g0xx_hal_cortex.o
       380          4          0          0          0       7269   stm32g0xx_hal_dma.o
       720         32          0          0          0       4344   stm32g0xx_hal_gpio.o
         2          0          0          0          0        622   stm32g0xx_hal_msp.o
       124         12          0          0          0       3922   stm32g0xx_hal_pwr_ex.o
      2652        124          0          0          0       8815   stm32g0xx_hal_rcc.o
      6442        180         24          0          0      40123   stm32g0xx_hal_uart.o
        24          0          0          0          0       9508   stm32g0xx_hal_uart_ex.o
        20          0          0          0          0        699   stm32g0xx_it.o
       114          0          0          0          0       1879   sys.o
         2          0         96          4          0       1835   system_stm32g0xx.o
       524         44          0          0        431       6916   usart.o

    ----------------------------------------------------------------------
     12132        510        388         16       1472     104541   Object Totals
         0          0         32          0          0          0   (incl. Generated)
         6          0          0          3          9          0   (incl. Padding)

    ----------------------------------------------------------------------

      Code (inc. data)   RO Data    RW Data    ZI Data      Debug   Library Member Name

         8          0          0          0          0         68   __main.o
       392          6         17          0          0         76   __printf_flags_ss_wp.o
        14          0          0          0          0         60   __printf_wp.o
         0          0          0          0          0          0   __rtentry.o
        12          0          0          0          0          0   __rtentry2.o
         6          0          0          0          0          0   __rtentry4.o
        60          8          0          0          0          0   __scatter.o
        26          0          0          0          0          0   __scatter_copy.o
        28          0          0          0          0          0   __scatter_zi.o
        66          0          0          0          0         76   _c16rtomb.o
        10          0          0          0          0          0   _printf_a.o
        10          0          0          0          0          0   _printf_c.o
        46          0          0          0          0        100   _printf_char.o
        48          6          0          0          0         88   _printf_char_common.o
        40          6          0          0          0         72   _printf_char_file.o
        38          0          0          0          0         60   _printf_charcount.o
        10          0          0          0          0          0   _printf_d.o
       108         18          0          0          0         76   _printf_dec.o
        10          0          0          0          0          0   _printf_e.o
        10          0          0          0          0          0   _printf_f.o
      1044         12          0          0          0        116   _printf_fp_dec.o
       728         10         38          0          0         84   _printf_fp_hex.o
       136         16          0          0          0         76   _printf_fp_infnan.o
        10          0          0          0          0          0   _printf_g.o
       152          4         40          0          0        148   _printf_hex_int_ll_ptr.o
        10          0          0          0          0          0   _printf_i.o
       176          0          0          0          0         84   _printf_intcommon.o
        10          0          0          0          0          0   _printf_l.o
        10          0          0          0          0          0   _printf_lc.o
        10          0          0          0          0          0   _printf_ll.o
        10          0          0          0          0          0   _printf_lld.o
        10          0          0          0          0          0   _printf_lli.o
        10          0          0          0          0          0   _printf_llo.o
        10          0          0          0          0          0   _printf_llu.o
        10          0          0          0          0          0   _printf_llx.o
       112         18          0          0          0         76   _printf_longlong_dec.o
        10          0          0          0          0          0   _printf_ls.o
        10          0          0          0          0          0   _printf_n.o
        10          0          0          0          0          0   _printf_o.o
       112         10          0          0          0        112   _printf_oct_int_ll.o
        10          0          0          0          0          0   _printf_p.o
        78          0          0          0          0        100   _printf_pad.o
         2          0          0          0          0          0   _printf_percent.o
         4          0          0          0          0          0   _printf_percent_end.o
        10          0          0          0          0          0   _printf_s.o
        82          0          0          0          0         72   _printf_str.o
        36          0          0          0          0         76   _printf_truncate.o
        10          0          0          0          0          0   _printf_u.o
        46          0          0          0          0        100   _printf_wchar.o
       188          6          8          0          0         80   _printf_wctomb.o
        10          0          0          0          0          0   _printf_x.o
       364          4          0          0          0         92   aeabi_sdiv.o
       216          6        148          0          0         80   bigflt0.o
      1456         30          0          0          0        336   btod.o
        16          0          0          0          0         68   exit.o
         8          0          0          0          0         60   ferror.o
         6          0          0          0          0        136   heapauxi.o
        44         10        272          0          0         76   lc_ctype_c.o
        44         10         28          0          0         76   lc_numeric_c.o
         2          0          0          0          0          0   libinit.o
        30          0          0          0          0          0   libinit2.o
         2          0          0          0          0          0   libshutdown.o
         2          0          0          0          0          0   libshutdown2.o
         8          4          0          0         96         68   libspace.o
       122          0          0          0          0         72   lludiv10.o
        28          6          0          0          0         84   printf.o
        16          4          0          0          0         76   rt_ctype_table.o
         8          4          0          0          0         68   rt_locale_intlibspace.o
        64          0          0          0          0        108   rt_memclr.o
         2          0          0          0          0          0   rtexit.o
        10          0          0          0          0          0   rtexit2.o
        40          0          0          0          0         60   rtudiv10.o
       136          4          0          0          0         72   strcmp.o
        62          0          0          0          0         80   sys_stackheap_outer.o
         2          0          0          0          0         68   use_no_semi.o
         2          0          0          0          0         68   use_no_semi_2.o
        16          4          0          0          0         76   printf1.o
        16          4          0          0          0         76   printf2.o
         0          0          0          0          0          0   usenofp.o
        44          4          0          0          0         60   fpclassify.o

    ----------------------------------------------------------------------
      6784        214        552          0         96       3760   Library Totals
        10          0          1          0          0          0   (incl. Padding)

    ----------------------------------------------------------------------

      Code (inc. data)   RO Data    RW Data    ZI Data      Debug   Library Name

      6698        202        551          0         96       3548   c_p.l
        32          8          0          0          0        152   fz_ps.l
        44          4          0          0          0         60   m_ps.l

    ----------------------------------------------------------------------
      6784        214        552          0         96       3760   Library Totals

    ----------------------------------------------------------------------

==============================================================================


      Code (inc. data)   RO Data    RW Data    ZI Data      Debug   

     18916        724        940         16       1568     106217   Grand Totals
     18916        724        940         16       1568     106217   ELF Image Totals
     18916        724        940         16          0          0   ROM Totals

==============================================================================

    Total RO  Size (Code + RO Data)                19856 (  19.39kB)
    Total RW  Size (RW Data + ZI Data)              1584 (   1.55kB)
    Total ROM Size (Code + RO Data + RW Data)      19872 (  19.41kB)

==============================================================================

